2026-09-05 05:22:34,791 - INFO - Bo cuc IoT: 'federated_data' -> '100client'
2026-09-05 05:22:45,064 - INFO - Ho so bo du lieu: iot | 34 lop | 6 task [6, 6, 6, 6, 5, 5] | 33 dac trung (do tu client_0_task_1.pt) | remap nhan theo task_mapping_label_ids.json | dong bo 14 bien qua cac module
2026-09-05 05:22:45,443 - INFO - Thiet bi: cuda | pool 100 client | 30 round/task | Flower simulation (Ray)
2026-09-05 05:22:45,443 - INFO - Client co du lieu tung task: task0=47
2026-09-05 05:22:45,735 - INFO - Nap global test: /kaggle/input/datasets/tongxuanvu/iot100client/100client/global_test_data.pt
2026-09-05 05:22:46,873 - INFO - Global test goc: n=14002687
2026-09-05 05:22:47,577 - INFO - Task 0: loc ve lop 0-5 -> n=3963952
2026-09-05 05:22:47,577 - INFO - Danh gia moi round tren n=3963952 mau (dtype=float32)
2026-09-05 05:22:52,547 - INFO - ===== Task 0: 47 client, 30 round =====
2026-09-05 05:22:54,612 - INFO - setup plugin alembic.autogenerate.schemas
2026-09-05 05:22:54,612 - INFO - setup plugin alembic.autogenerate.tables
2026-09-05 05:22:54,612 - INFO - setup plugin alembic.autogenerate.types
2026-09-05 05:22:54,612 - INFO - setup plugin alembic.autogenerate.constraints
2026-09-05 05:22:54,613 - INFO - setup plugin alembic.autogenerate.defaults
2026-09-05 05:22:54,613 - INFO - setup plugin alembic.autogenerate.comments
2026-09-05 05:23:10,566 - WARNING - DEPRECATED FEATURE: flwr.simulation.start_simulation() is deprecated.
	Instead, use the `flwr run` CLI command to start a local simulation in your Flower app, as shown for example below:

		$ flwr new  # Create a new Flower app from a template

		$ flwr run  # Run the Flower app in Simulation Mode

	Using `start_simulation()` is deprecated.

            This is a deprecated feature. It will be removed
            entirely in future versions of Flower.
        
2026-09-05 05:23:10,567 - INFO - Starting Flower simulation, config: num_rounds=30, no round_timeout
2026-09-05 05:23:23,401 - INFO - Flower VCE: Ray initialized with resources: {'object_store_memory': 9115669708.0, 'GPU': 2.0, 'node:__internal_head__': 1.0, 'CPU': 4.0, 'memory': 21269895988.0, 'accelerator_type:T4': 1.0, 'node:172.19.2.2': 1.0}
2026-09-05 05:23:23,402 - INFO - Optimize your simulation with Flower VCE: https://flower.ai/docs/framework/how-to-run-simulations.html
2026-09-05 05:23:23,402 - INFO - Flower VCE: Resources for each Virtual Client: {'num_cpus': 1.0, 'num_gpus': 0.5}
2026-09-05 05:23:23,435 - INFO - Flower VCE: Creating VirtualClientEngineActorPool with 4 actors
2026-09-05 05:23:23,436 - INFO - [INIT]
2026-09-05 05:23:23,436 - INFO - Using initial global parameters provided by strategy
2026-09-05 05:23:23,436 - INFO - Starting evaluation of initial global parameters
2026-09-05 05:23:23,439 - INFO - Evaluation returned no results (`None`)
2026-09-05 05:23:23,439 - INFO - 
2026-09-05 05:23:23,439 - INFO - [ROUND 1]
2026-09-05 05:23:23,440 - INFO - configure_fit: strategy sampled 47 clients (out of 47)
2026-09-05 05:25:10,267 - INFO - aggregate_fit: received 47 results and 0 failures
2026-09-05 05:25:10,341 - WARNING - No fit_metrics_aggregation_fn provided
2026-09-05 05:25:10,342 - INFO - Eq.9 p(y) tu client: 0.544 0.083 0.000 0.340 0.010 0.022 0.000 0.000 0.000 0.000 0.000 0.000 0.000 0.000 0.000 0.000 0.000 0.000 0.000 0.000 0.000 0.000 0.000 0.000 0.000 0.000 0.000 0.000 0.000 0.000 0.000 0.000 0.000 0.000
2026-09-05 05:25:23,599 - INFO - [Round 1] data-free KD 30 vong: gen_loss=1.0685 stu_loss=2.4619 (CE 2.4521)
2026-09-05 05:25:23,634 - INFO - [Round 1] luu checkpoint -> /kaggle/working/results_iovfd_iot_full_task0/checkpoints/round_001.pth
2026-09-05 05:26:06,263 - INFO - [Round 1] loss=1.9405 acc=0.5783 | micro P/R/F1=0.5783/0.5783/0.5783 | macro P/R/F1=0.2299/0.2418/0.2221 | weighted P/R/F1=0.3995/0.5783/0.4614
2026-09-05 05:26:06,263 - INFO - fit progress: (1, 1.9404873525308184, {'accuracy': 0.5783258727653614, 'micro_precision': 0.5783258727653614, 'micro_recall': 0.5783258727653614, 'micro_f1': 0.5783258727653614, 'macro_precision': 0.22985876495000546, 'macro_recall': 0.24176387952118752, 'macro_f1': 0.22207368039509334, 'weighted_precision': 0.39950524037826063, 'weighted_recall': 0.5783258727653614, 'weighted_f1': 0.4614257353014769}, 162.82433598)
2026-09-05 05:26:06,263 - INFO - configure_evaluate: no clients selected, skipping evaluation
2026-09-05 05:26:06,264 - INFO - 
2026-09-05 05:26:06,264 - INFO - [ROUND 2]
2026-09-05 05:26:06,264 - INFO - configure_fit: strategy sampled 47 clients (out of 47)
2026-09-05 05:26:51,544 - INFO - aggregate_fit: received 47 results and 0 failures
2026-09-05 05:26:51,619 - INFO - [Round 2] 47/47 client tiep tuc model cuc bo (Algorithm 1 dong 10)
2026-09-05 05:27:03,912 - INFO - [Round 2] data-free KD 30 vong: gen_loss=0.6876 stu_loss=0.6792 (CE 0.6198)
2026-09-05 05:27:03,948 - INFO - [Round 2] luu checkpoint -> /kaggle/working/results_iovfd_iot_full_task0/checkpoints/round_002.pth
2026-09-05 05:27:46,044 - INFO - [Round 2] loss=1.2144 acc=0.6140 | micro P/R/F1=0.6140/0.6140/0.6140 | macro P/R/F1=0.2826/0.2922/0.2688 | weighted P/R/F1=0.4857/0.6140/0.5046
2026-09-05 05:27:46,045 - INFO - fit progress: (2, 1.2144163717662007, {'accuracy': 0.6139640439642055, 'micro_precision': 0.6139640439642055, 'micro_recall': 0.6139640439642055, 'micro_f1': 0.6139640439642055, 'macro_precision': 0.28264370932157884, 'macro_recall': 0.2922321117466278, 'macro_f1': 0.26883022322091293, 'weighted_precision': 0.48574361910593106, 'weighted_recall': 0.6139640439642055, 'weighted_f1': 0.5045575581270981}, 262.60605904400006)
2026-09-05 05:27:46,045 - INFO - configure_evaluate: no clients selected, skipping evaluation
2026-09-05 05:27:46,045 - INFO - 
2026-09-05 05:27:46,045 - INFO - [ROUND 3]
2026-09-05 05:27:46,046 - INFO - configure_fit: strategy sampled 47 clients (out of 47)
2026-09-05 05:28:33,261 - INFO - aggregate_fit: received 47 results and 0 failures
2026-09-05 05:28:33,336 - INFO - [Round 3] 47/47 client tiep tuc model cuc bo (Algorithm 1 dong 10)
2026-09-05 05:28:45,329 - INFO - [Round 3] data-free KD 30 vong: gen_loss=0.4564 stu_loss=0.2892 (CE 0.1711)
2026-09-05 05:28:45,363 - INFO - [Round 3] luu checkpoint -> /kaggle/working/results_iovfd_iot_full_task0/checkpoints/round_003.pth
2026-09-05 05:29:27,332 - INFO - [Round 3] loss=0.9522 acc=0.9130 | micro P/R/F1=0.9130/0.9130/0.9130 | macro P/R/F1=0.4918/0.4379/0.4429 | weighted P/R/F1=0.9133/0.9130/0.9027
2026-09-05 05:29:27,332 - INFO - fit progress: (3, 0.9522421589690792, {'accuracy': 0.913049653477136, 'micro_precision': 0.913049653477136, 'micro_recall': 0.913049653477136, 'micro_f1': 0.913049653477136, 'macro_precision': 0.49176852900376017, 'macro_recall': 0.4378704353849077, 'macro_f1': 0.44288261432822823, 'weighted_precision': 0.9133069410037112, 'weighted_recall': 0.913049653477136, 'weighted_f1': 0.9026513634791153}, 363.893389665)
2026-09-05 05:29:27,332 - INFO - configure_evaluate: no clients selected, skipping evaluation
2026-09-05 05:29:27,332 - INFO - 
2026-09-05 05:29:27,333 - INFO - [ROUND 4]
2026-09-05 05:29:27,333 - INFO - configure_fit: strategy sampled 47 clients (out of 47)
2026-09-05 05:30:11,939 - INFO - aggregate_fit: received 47 results and 0 failures
2026-09-05 05:30:12,011 - INFO - [Round 4] 47/47 client tiep tuc model cuc bo (Algorithm 1 dong 10)
2026-09-05 05:30:24,143 - INFO - [Round 4] data-free KD 30 vong: gen_loss=0.3844 stu_loss=0.2219 (CE 0.1015)
2026-09-05 05:30:24,178 - INFO - [Round 4] luu checkpoint -> /kaggle/working/results_iovfd_iot_full_task0/checkpoints/round_004.pth
2026-09-05 05:31:06,559 - INFO - [Round 4] loss=0.9746 acc=0.5711 | micro P/R/F1=0.5711/0.5711/0.5711 | macro P/R/F1=0.3707/0.3301/0.2350 | weighted P/R/F1=0.5258/0.5711/0.4443
2026-09-05 05:31:06,560 - INFO - fit progress: (4, 0.9745556297134762, {'accuracy': 0.5710727576923232, 'micro_precision': 0.5710727576923232, 'micro_recall': 0.5710727576923232, 'micro_f1': 0.5710727576923232, 'macro_precision': 0.37071156403013417, 'macro_recall': 0.33013459090827996, 'macro_f1': 0.23497990973664237, 'weighted_precision': 0.5258254360438495, 'weighted_recall': 0.5710727576923232, 'weighted_f1': 0.44428907604750756}, 463.12075765300006)
2026-09-05 05:31:06,560 - INFO - configure_evaluate: no clients selected, skipping evaluation
2026-09-05 05:31:06,560 - INFO - 
2026-09-05 05:31:06,560 - INFO - [ROUND 5]
2026-09-05 05:31:06,560 - INFO - configure_fit: strategy sampled 47 clients (out of 47)
2026-09-05 05:31:51,255 - INFO - aggregate_fit: received 47 results and 0 failures
2026-09-05 05:31:51,325 - INFO - [Round 5] 47/47 client tiep tuc model cuc bo (Algorithm 1 dong 10)
2026-09-05 05:32:03,376 - INFO - [Round 5] data-free KD 30 vong: gen_loss=0.3586 stu_loss=0.2064 (CE 0.0910)
2026-09-05 05:32:03,411 - INFO - [Round 5] luu checkpoint -> /kaggle/working/results_iovfd_iot_full_task0/checkpoints/round_005.pth
2026-09-05 05:32:46,002 - INFO - [Round 5] loss=1.1153 acc=0.5687 | micro P/R/F1=0.5687/0.5687/0.5687 | macro P/R/F1=0.3656/0.3093/0.2224 | weighted P/R/F1=0.5120/0.5687/0.4371
2026-09-05 05:32:46,301 - INFO - Luu /kaggle/working/results_iovfd_iot_full_task0/confusion_matrix_task0.csv
2026-09-05 05:32:46,301 - INFO - Luu /kaggle/working/results_iovfd_iot_full_task0/confusion_matrix_task0_normalized.csv
2026-09-05 05:32:47,408 - INFO - Luu /kaggle/working/results_iovfd_iot_full_task0/classification_report_task0.txt
              precision    recall  f1-score   support

     class_0     0.6057    0.9984    0.7540   2160225
     class_1     0.9445    0.0230    0.0448    328980
     class_2     0.0000    0.0000    0.0000      1557
     class_3     0.2832    0.0197    0.0369   1347913
     class_4     0.0454    0.1324    0.0676     40019
     class_5     0.3151    0.6825    0.4311     85258

    accuracy                         0.5687   3963952
   macro avg     0.3656    0.3093    0.2224   3963952
weighted avg     0.5120    0.5687    0.4371   3963952

2026-09-05 05:32:47,752 - INFO - Luu /kaggle/working/results_iovfd_iot_full_task0/confusion_matrix_task0.png
2026-09-05 05:32:47,753 - INFO - fit progress: (5, 1.115313712846149, {'accuracy': 0.5687117301117672, 'micro_precision': 0.5687117301117672, 'micro_recall': 0.5687117301117672, 'micro_f1': 0.5687117301117672, 'macro_precision': 0.3656404864510643, 'macro_recall': 0.3093299859624961, 'macro_f1': 0.22239958513257105, 'weighted_precision': 0.5120340137371506, 'weighted_recall': 0.5687117301117672, 'weighted_f1': 0.4371292332431357}, 564.313774113)
2026-09-05 05:32:47,753 - INFO - configure_evaluate: no clients selected, skipping evaluation
2026-09-05 05:32:47,753 - INFO - 
2026-09-05 05:32:47,753 - INFO - [ROUND 6]
2026-09-05 05:32:47,753 - INFO - configure_fit: strategy sampled 47 clients (out of 47)
2026-09-05 05:33:34,204 - INFO - aggregate_fit: received 47 results and 0 failures
2026-09-05 05:33:34,282 - INFO - [Round 6] 47/47 client tiep tuc model cuc bo (Algorithm 1 dong 10)
2026-09-05 05:33:47,274 - INFO - [Round 6] data-free KD 30 vong: gen_loss=0.3360 stu_loss=0.2047 (CE 0.0899)
2026-09-05 05:33:47,311 - INFO - [Round 6] luu checkpoint -> /kaggle/working/results_iovfd_iot_full_task0/checkpoints/round_006.pth
2026-09-05 05:34:31,209 - INFO - [Round 6] loss=1.0192 acc=0.5544 | micro P/R/F1=0.5544/0.5544/0.5544 | macro P/R/F1=0.3025/0.1972/0.1521 | weighted P/R/F1=0.4699/0.5544/0.4255
2026-09-05 05:34:31,209 - INFO - fit progress: (6, 1.019237723478601, {'accuracy': 0.5544247256273537, 'micro_precision': 0.5544247256273537, 'micro_recall': 0.5544247256273537, 'micro_f1': 0.5544247256273537, 'macro_precision': 0.30254681042791276, 'macro_recall': 0.19717668685469805, 'macro_f1': 0.15209622425045816, 'weighted_precision': 0.46989235319491923, 'weighted_recall': 0.5544247256273537, 'weighted_f1': 0.4254681123899062}, 667.770373252)
2026-09-05 05:34:31,209 - INFO - configure_evaluate: no clients selected, skipping evaluation
2026-09-05 05:34:31,209 - INFO - 
2026-09-05 05:34:31,210 - INFO - [ROUND 7]
2026-09-05 05:34:31,210 - INFO - configure_fit: strategy sampled 47 clients (out of 47)
2026-09-05 05:35:19,144 - INFO - aggregate_fit: received 47 results and 0 failures
2026-09-05 05:35:19,224 - INFO - [Round 7] 47/47 client tiep tuc model cuc bo (Algorithm 1 dong 10)
2026-09-05 05:35:32,344 - INFO - [Round 7] data-free KD 30 vong: gen_loss=0.3108 stu_loss=0.1951 (CE 0.0869)
2026-09-05 05:35:32,382 - INFO - [Round 7] luu checkpoint -> /kaggle/working/results_iovfd_iot_full_task0/checkpoints/round_007.pth
2026-09-05 05:36:16,343 - INFO - [Round 7] loss=1.2209 acc=0.5494 | micro P/R/F1=0.5494/0.5494/0.5494 | macro P/R/F1=0.2951/0.2105/0.1529 | weighted P/R/F1=0.4280/0.5494/0.4078
2026-09-05 05:36:16,344 - INFO - fit progress: (7, 1.22085217848297, {'accuracy': 0.5493908604342334, 'micro_precision': 0.5493908604342334, 'micro_recall': 0.5493908604342334, 'micro_f1': 0.5493908604342334, 'macro_precision': 0.29512913209937114, 'macro_recall': 0.2104730906533868, 'macro_f1': 0.15288601825865303, 'weighted_precision': 0.4279790011582427, 'weighted_recall': 0.5493908604342334, 'weighted_f1': 0.40784364732413764}, 772.9050145620001)
2026-09-05 05:36:16,344 - INFO - configure_evaluate: no clients selected, skipping evaluation
2026-09-05 05:36:16,344 - INFO - 
2026-09-05 05:36:16,344 - INFO - [ROUND 8]
2026-09-05 05:36:16,344 - INFO - configure_fit: strategy sampled 47 clients (out of 47)
2026-09-05 05:37:05,211 - INFO - aggregate_fit: received 47 results and 0 failures
2026-09-05 05:37:05,286 - INFO - [Round 8] 47/47 client tiep tuc model cuc bo (Algorithm 1 dong 10)
2026-09-05 05:37:17,627 - INFO - [Round 8] data-free KD 30 vong: gen_loss=0.2951 stu_loss=0.1881 (CE 0.0843)
2026-09-05 05:37:17,662 - INFO - [Round 8] luu checkpoint -> /kaggle/working/results_iovfd_iot_full_task0/checkpoints/round_008.pth
2026-09-05 05:38:01,988 - INFO - [Round 8] loss=1.0224 acc=0.5565 | micro P/R/F1=0.5565/0.5565/0.5565 | macro P/R/F1=0.3544/0.2038/0.1594 | weighted P/R/F1=0.5620/0.5565/0.4230
2026-09-05 05:38:01,988 - INFO - fit progress: (8, 1.022422002859352, {'accuracy': 0.55652767742899, 'micro_precision': 0.55652767742899, 'micro_recall': 0.55652767742899, 'micro_f1': 0.55652767742899, 'macro_precision': 0.3544041332902661, 'macro_recall': 0.20376464978560796, 'macro_f1': 0.15942081322218152, 'weighted_precision': 0.5620380711704829, 'weighted_recall': 0.55652767742899, 'weighted_f1': 0.4230289213110758}, 878.5495173090001)
2026-09-05 05:38:01,989 - INFO - configure_evaluate: no clients selected, skipping evaluation
2026-09-05 05:38:01,989 - INFO - 
2026-09-05 05:38:01,989 - INFO - [ROUND 9]
2026-09-05 05:38:01,989 - INFO - configure_fit: strategy sampled 47 clients (out of 47)
2026-09-05 05:38:48,933 - INFO - aggregate_fit: received 47 results and 0 failures
2026-09-05 05:38:49,009 - INFO - [Round 9] 47/47 client tiep tuc model cuc bo (Algorithm 1 dong 10)
2026-09-05 05:39:01,304 - INFO - [Round 9] data-free KD 30 vong: gen_loss=0.2860 stu_loss=0.1824 (CE 0.0822)
2026-09-05 05:39:01,338 - INFO - [Round 9] luu checkpoint -> /kaggle/working/results_iovfd_iot_full_task0/checkpoints/round_009.pth
2026-09-05 05:39:44,109 - INFO - [Round 9] loss=0.9784 acc=0.5598 | micro P/R/F1=0.5598/0.5598/0.5598 | macro P/R/F1=0.3369/0.2078/0.1702 | weighted P/R/F1=0.5261/0.5598/0.4303
2026-09-05 05:39:44,110 - INFO - fit progress: (9, 0.9783617291322424, {'accuracy': 0.559841037429313, 'micro_precision': 0.559841037429313, 'micro_recall': 0.559841037429313, 'micro_f1': 0.559841037429313, 'macro_precision': 0.33687986577548057, 'macro_recall': 0.2078464347287908, 'macro_f1': 0.17019322888459562, 'weighted_precision': 0.5261268416796284, 'weighted_recall': 0.559841037429313, 'weighted_f1': 0.430263025891384}, 980.6709463340001)
2026-09-05 05:39:44,110 - INFO - configure_evaluate: no clients selected, skipping evaluation
2026-09-05 05:39:44,110 - INFO - 
2026-09-05 05:39:44,110 - INFO - [ROUND 10]
2026-09-05 05:39:44,110 - INFO - configure_fit: strategy sampled 47 clients (out of 47)
2026-09-05 05:40:29,486 - INFO - aggregate_fit: received 47 results and 0 failures
2026-09-05 05:40:29,561 - INFO - [Round 10] 47/47 client tiep tuc model cuc bo (Algorithm 1 dong 10)
2026-09-05 05:40:41,840 - INFO - [Round 10] data-free KD 30 vong: gen_loss=0.2838 stu_loss=0.1782 (CE 0.0802)
2026-09-05 05:40:41,874 - INFO - [Round 10] luu checkpoint -> /kaggle/working/results_iovfd_iot_full_task0/checkpoints/round_010.pth
2026-09-05 05:41:24,700 - INFO - [Round 10] loss=1.0458 acc=0.5586 | micro P/R/F1=0.5586/0.5586/0.5586 | macro P/R/F1=0.3529/0.2067/0.1664 | weighted P/R/F1=0.5590/0.5586/0.4268
2026-09-05 05:41:24,990 - INFO - Luu /kaggle/working/results_iovfd_iot_full_task0/confusion_matrix_task0.csv
2026-09-05 05:41:24,990 - INFO - Luu /kaggle/working/results_iovfd_iot_full_task0/confusion_matrix_task0_normalized.csv
2026-09-05 05:41:25,906 - INFO - Luu /kaggle/working/results_iovfd_iot_full_task0/classification_report_task0.txt
              precision    recall  f1-score   support

     class_0     0.5885    0.9991    0.7407   2160225
     class_1     0.9733    0.0502    0.0954    328980
     class_2     0.0000    0.0000    0.0000      1557
     class_3     0.4575    0.0195    0.0374   1347913
     class_4     0.0144    0.0272    0.0188     40019
     class_5     0.0838    0.1445    0.1061     85258

    accuracy                         0.5586   3963952
   macro avg     0.3529    0.2067    0.1664   3963952
weighted avg     0.5590    0.5586    0.4268   3963952

2026-09-05 05:41:26,124 - INFO - Luu /kaggle/working/results_iovfd_iot_full_task0/confusion_matrix_task0.png
2026-09-05 05:41:26,124 - INFO - fit progress: (10, 1.0457562991410247, {'accuracy': 0.5586455133664585, 'micro_precision': 0.5586455133664585, 'micro_recall': 0.5586455133664585, 'micro_f1': 0.5586455133664585, 'macro_precision': 0.35294071053920134, 'macro_recall': 0.20674584450360864, 'macro_f1': 0.16642117305165285, 'weighted_precision': 0.5590393597619866, 'weighted_recall': 0.5586455133664585, 'weighted_f1': 0.4267874640332871}, 1082.68545447)
2026-09-05 05:41:26,124 - INFO - configure_evaluate: no clients selected, skipping evaluation
2026-09-05 05:41:26,124 - INFO - 
2026-09-05 05:41:26,125 - INFO - [ROUND 11]
2026-09-05 05:41:26,125 - INFO - configure_fit: strategy sampled 47 clients (out of 47)
2026-09-05 05:42:10,131 - INFO - aggregate_fit: received 47 results and 0 failures
2026-09-05 05:42:10,208 - INFO - [Round 11] 47/47 client tiep tuc model cuc bo (Algorithm 1 dong 10)
2026-09-05 05:42:22,547 - INFO - [Round 11] data-free KD 30 vong: gen_loss=0.2797 stu_loss=0.1757 (CE 0.0795)
2026-09-05 05:42:22,581 - INFO - [Round 11] luu checkpoint -> /kaggle/working/results_iovfd_iot_full_task0/checkpoints/round_011.pth
2026-09-05 05:43:05,071 - INFO - [Round 11] loss=0.9703 acc=0.5582 | micro P/R/F1=0.5582/0.5582/0.5582 | macro P/R/F1=0.3174/0.2027/0.1629 | weighted P/R/F1=0.4901/0.5582/0.4303
2026-09-05 05:43:05,072 - INFO - fit progress: (11, 0.9703285159035162, {'accuracy': 0.5582325416654894, 'micro_precision': 0.5582325416654894, 'micro_recall': 0.5582325416654894, 'micro_f1': 0.5582325416654894, 'macro_precision': 0.3174170742035562, 'macro_recall': 0.20271490079486168, 'macro_f1': 0.16294686702813946, 'weighted_precision': 0.4900863378478052, 'weighted_recall': 0.5582325416654894, 'weighted_f1': 0.430275879698988}, 1181.633067748)
2026-09-05 05:43:05,072 - INFO - configure_evaluate: no clients selected, skipping evaluation
2026-09-05 05:43:05,072 - INFO - 
2026-09-05 05:43:05,072 - INFO - [ROUND 12]
2026-09-05 05:43:05,072 - INFO - configure_fit: strategy sampled 47 clients (out of 47)
2026-09-05 05:43:50,177 - INFO - aggregate_fit: received 47 results and 0 failures
2026-09-05 05:43:50,253 - INFO - [Round 12] 47/47 client tiep tuc model cuc bo (Algorithm 1 dong 10)
2026-09-05 05:44:02,741 - INFO - [Round 12] data-free KD 30 vong: gen_loss=0.2863 stu_loss=0.1773 (CE 0.0800)
2026-09-05 05:44:02,776 - INFO - [Round 12] luu checkpoint -> /kaggle/working/results_iovfd_iot_full_task0/checkpoints/round_012.pth
2026-09-05 05:44:46,884 - INFO - [Round 12] loss=1.1727 acc=0.5501 | micro P/R/F1=0.5501/0.5501/0.5501 | macro P/R/F1=0.2881/0.1972/0.1505 | weighted P/R/F1=0.4246/0.5501/0.4065
2026-09-05 05:44:46,884 - INFO - fit progress: (12, 1.1727439681114245, {'accuracy': 0.5501017671253335, 'micro_precision': 0.5501017671253335, 'micro_recall': 0.5501017671253335, 'micro_f1': 0.5501017671253335, 'macro_precision': 0.28814602735615896, 'macro_recall': 0.19717727618254022, 'macro_f1': 0.15054357827820042, 'weighted_precision': 0.4245512601858977, 'weighted_recall': 0.5501017671253335, 'weighted_f1': 0.4065020971629402}, 1283.445167574)
2026-09-05 05:44:46,884 - INFO - configure_evaluate: no clients selected, skipping evaluation
2026-09-05 05:44:46,884 - INFO - 
2026-09-05 05:44:46,884 - INFO - [ROUND 13]
2026-09-05 05:44:46,884 - INFO - configure_fit: strategy sampled 47 clients (out of 47)
2026-09-05 05:45:32,177 - INFO - aggregate_fit: received 47 results and 0 failures
2026-09-05 05:45:32,253 - INFO - [Round 13] 47/47 client tiep tuc model cuc bo (Algorithm 1 dong 10)
2026-09-05 05:45:44,695 - INFO - [Round 13] data-free KD 30 vong: gen_loss=0.2809 stu_loss=0.1738 (CE 0.0791)
2026-09-05 05:45:44,730 - INFO - [Round 13] luu checkpoint -> /kaggle/working/results_iovfd_iot_full_task0/checkpoints/round_013.pth
2026-09-05 05:46:27,956 - INFO - [Round 13] loss=1.0839 acc=0.5503 | micro P/R/F1=0.5503/0.5503/0.5503 | macro P/R/F1=0.2825/0.1905/0.1481 | weighted P/R/F1=0.4241/0.5503/0.4125
2026-09-05 05:46:27,956 - INFO - fit progress: (13, 1.0839219093322754, {'accuracy': 0.5502548971329623, 'micro_precision': 0.5502548971329623, 'micro_recall': 0.5502548971329623, 'micro_f1': 0.5502548971329623, 'macro_precision': 0.2824641626320448, 'macro_recall': 0.19050425250087658, 'macro_f1': 0.14808292382162036, 'weighted_precision': 0.42407867254313686, 'weighted_recall': 0.5502548971329623, 'weighted_f1': 0.4125325162132916}, 1384.517469182)
2026-09-05 05:46:27,956 - INFO - configure_evaluate: no clients selected, skipping evaluation
2026-09-05 05:46:27,957 - INFO - 
2026-09-05 05:46:27,957 - INFO - [ROUND 14]
2026-09-05 05:46:27,957 - INFO - configure_fit: strategy sampled 47 clients (out of 47)
2026-09-05 05:47:15,582 - INFO - aggregate_fit: received 47 results and 0 failures
2026-09-05 05:47:15,658 - INFO - [Round 14] 47/47 client tiep tuc model cuc bo (Algorithm 1 dong 10)
2026-09-05 05:47:27,932 - INFO - [Round 14] data-free KD 30 vong: gen_loss=0.2779 stu_loss=0.1733 (CE 0.0782)
2026-09-05 05:47:27,967 - INFO - [Round 14] luu checkpoint -> /kaggle/working/results_iovfd_iot_full_task0/checkpoints/round_014.pth
2026-09-05 05:48:10,592 - INFO - [Round 14] loss=1.0565 acc=0.5530 | micro P/R/F1=0.5530/0.5530/0.5530 | macro P/R/F1=0.3105/0.1980/0.1553 | weighted P/R/F1=0.4727/0.5530/0.4136
2026-09-05 05:48:10,592 - INFO - fit progress: (14, 1.056453321098296, {'accuracy': 0.552970873512091, 'micro_precision': 0.552970873512091, 'micro_recall': 0.552970873512091, 'micro_f1': 0.552970873512091, 'macro_precision': 0.310525398051454, 'macro_recall': 0.1979945035027387, 'macro_f1': 0.1553392091605246, 'weighted_precision': 0.47267788350591905, 'weighted_recall': 0.552970873512091, 'weighted_f1': 0.41359606885764233}, 1487.153535125)
2026-09-05 05:48:10,593 - INFO - configure_evaluate: no clients selected, skipping evaluation
2026-09-05 05:48:10,593 - INFO - 
2026-09-05 05:48:10,593 - INFO - [ROUND 15]
2026-09-05 05:48:10,593 - INFO - configure_fit: strategy sampled 47 clients (out of 47)
2026-09-05 05:48:55,601 - INFO - aggregate_fit: received 47 results and 0 failures
2026-09-05 05:48:55,676 - INFO - [Round 15] 47/47 client tiep tuc model cuc bo (Algorithm 1 dong 10)
2026-09-05 05:49:08,329 - INFO - [Round 15] data-free KD 30 vong: gen_loss=0.2783 stu_loss=0.1698 (CE 0.0769)
2026-09-05 05:49:08,364 - INFO - [Round 15] luu checkpoint -> /kaggle/working/results_iovfd_iot_full_task0/checkpoints/round_015.pth
2026-09-05 05:49:53,587 - INFO - [Round 15] loss=0.9463 acc=0.5592 | micro P/R/F1=0.5592/0.5592/0.5592 | macro P/R/F1=0.3226/0.1901/0.1524 | weighted P/R/F1=0.5092/0.5592/0.4327
2026-09-05 05:49:53,902 - INFO - Luu /kaggle/working/results_iovfd_iot_full_task0/confusion_matrix_task0.csv
2026-09-05 05:49:53,902 - INFO - Luu /kaggle/working/results_iovfd_iot_full_task0/confusion_matrix_task0_normalized.csv
2026-09-05 05:49:54,902 - INFO - Luu /kaggle/working/results_iovfd_iot_full_task0/classification_report_task0.txt
              precision    recall  f1-score   support

     class_0     0.5980    0.9990    0.7481   2160225
     class_1     0.9897    0.0210    0.0411    328980
     class_2     0.0000    0.0000    0.0000      1557
     class_3     0.2947    0.0332    0.0597   1347913
     class_4     0.0116    0.0123    0.0119     40019
     class_5     0.0417    0.0754    0.0537     85258

    accuracy                         0.5592   3963952
   macro avg     0.3226    0.1901    0.1524   3963952
weighted avg     0.5092    0.5592    0.4327   3963952

2026-09-05 05:49:55,114 - INFO - Luu /kaggle/working/results_iovfd_iot_full_task0/confusion_matrix_task0.png
2026-09-05 05:49:55,114 - INFO - fit progress: (15, 0.9462752953664331, {'accuracy': 0.5591997582210885, 'micro_precision': 0.5591997582210885, 'micro_recall': 0.5591997582210885, 'micro_f1': 0.5591997582210885, 'macro_precision': 0.32262579046986, 'macro_recall': 0.19014725271953822, 'macro_f1': 0.15243565201576914, 'weighted_precision': 0.5092484118087071, 'weighted_recall': 0.5591997582210885, 'weighted_f1': 0.43269662678992726}, 1591.675415782)
2026-09-05 05:49:55,114 - INFO - configure_evaluate: no clients selected, skipping evaluation
2026-09-05 05:49:55,114 - INFO - 
2026-09-05 05:49:55,114 - INFO - [ROUND 16]
2026-09-05 05:49:55,115 - INFO - configure_fit: strategy sampled 47 clients (out of 47)
2026-09-05 05:50:40,316 - INFO - aggregate_fit: received 47 results and 0 failures
2026-09-05 05:50:40,396 - INFO - [Round 16] 47/47 client tiep tuc model cuc bo (Algorithm 1 dong 10)
2026-09-05 05:50:52,983 - INFO - [Round 16] data-free KD 30 vong: gen_loss=0.2761 stu_loss=0.1683 (CE 0.0768)
2026-09-05 05:50:53,019 - INFO - [Round 16] luu checkpoint -> /kaggle/working/results_iovfd_iot_full_task0/checkpoints/round_016.pth
2026-09-05 05:51:35,410 - INFO - [Round 16] loss=1.0405 acc=0.5515 | micro P/R/F1=0.5515/0.5515/0.5515 | macro P/R/F1=0.2884/0.1847/0.1469 | weighted P/R/F1=0.4437/0.5515/0.4133
2026-09-05 05:51:35,410 - INFO - fit progress: (16, 1.0405232581225308, {'accuracy': 0.5515102100126339, 'micro_precision': 0.5515102100126339, 'micro_recall': 0.5515102100126339, 'micro_f1': 0.5515102100126339, 'macro_precision': 0.2883823996809743, 'macro_recall': 0.18468211015750724, 'macro_f1': 0.14692547043872786, 'weighted_precision': 0.4436814384963708, 'weighted_recall': 0.5515102100126339, 'weighted_f1': 0.41332501040033237}, 1691.971357227)
2026-09-05 05:51:35,410 - INFO - configure_evaluate: no clients selected, skipping evaluation
2026-09-05 05:51:35,410 - INFO - 
2026-09-05 05:51:35,410 - INFO - [ROUND 17]
2026-09-05 05:51:35,411 - INFO - configure_fit: strategy sampled 47 clients (out of 47)
2026-09-05 05:52:20,519 - INFO - aggregate_fit: received 47 results and 0 failures
2026-09-05 05:52:20,596 - INFO - [Round 17] 47/47 client tiep tuc model cuc bo (Algorithm 1 dong 10)
2026-09-05 05:52:32,864 - INFO - [Round 17] data-free KD 30 vong: gen_loss=0.2741 stu_loss=0.1668 (CE 0.0763)
2026-09-05 05:52:32,898 - INFO - [Round 17] luu checkpoint -> /kaggle/working/results_iovfd_iot_full_task0/checkpoints/round_017.pth
2026-09-05 05:53:15,950 - INFO - [Round 17] loss=1.0587 acc=0.5487 | micro P/R/F1=0.5487/0.5487/0.5487 | macro P/R/F1=0.2759/0.1787/0.1384 | weighted P/R/F1=0.4146/0.5487/0.4044
2026-09-05 05:53:15,951 - INFO - fit progress: (17, 1.0587021910454617, {'accuracy': 0.5487256152445842, 'micro_precision': 0.5487256152445842, 'micro_recall': 0.5487256152445842, 'micro_f1': 0.5487256152445842, 'macro_precision': 0.2759182620619729, 'macro_recall': 0.1786919441366546, 'macro_f1': 0.1383947037021526, 'weighted_precision': 0.4146191068353721, 'weighted_recall': 0.5487256152445842, 'weighted_f1': 0.40439522241163517}, 1792.5120617789999)
2026-09-05 05:53:15,951 - INFO - configure_evaluate: no clients selected, skipping evaluation
2026-09-05 05:53:15,951 - INFO - 
2026-09-05 05:53:15,951 - INFO - [ROUND 18]
2026-09-05 05:53:15,951 - INFO - configure_fit: strategy sampled 47 clients (out of 47)
2026-09-05 05:54:01,670 - INFO - aggregate_fit: received 47 results and 0 failures
2026-09-05 05:54:01,752 - INFO - [Round 18] 47/47 client tiep tuc model cuc bo (Algorithm 1 dong 10)
2026-09-05 05:54:14,235 - INFO - [Round 18] data-free KD 30 vong: gen_loss=0.2740 stu_loss=0.1658 (CE 0.0758)
2026-09-05 05:54:14,270 - INFO - [Round 18] luu checkpoint -> /kaggle/working/results_iovfd_iot_full_task0/checkpoints/round_018.pth
2026-09-05 05:54:56,741 - INFO - [Round 18] loss=0.9217 acc=0.5635 | micro P/R/F1=0.5635/0.5635/0.5635 | macro P/R/F1=0.3242/0.1896/0.1594 | weighted P/R/F1=0.5219/0.5635/0.4422
2026-09-05 05:54:56,741 - INFO - fit progress: (18, 0.9216965146301207, {'accuracy': 0.5634810915974765, 'micro_precision': 0.5634810915974765, 'micro_recall': 0.5634810915974765, 'micro_f1': 0.5634810915974765, 'macro_precision': 0.32421633760436175, 'macro_recall': 0.18962428548531143, 'macro_f1': 0.15944657281427785, 'weighted_precision': 0.5218907885794346, 'weighted_recall': 0.5634810915974765, 'weighted_f1': 0.44216294084740315}, 1893.3025336619999)
2026-09-05 05:54:56,742 - INFO - configure_evaluate: no clients selected, skipping evaluation
2026-09-05 05:54:56,742 - INFO - 
2026-09-05 05:54:56,742 - INFO - [ROUND 19]
2026-09-05 05:54:56,742 - INFO - configure_fit: strategy sampled 47 clients (out of 47)
2026-09-05 05:55:42,107 - INFO - aggregate_fit: received 47 results and 0 failures
2026-09-05 05:55:42,181 - INFO - [Round 19] 47/47 client tiep tuc model cuc bo (Algorithm 1 dong 10)
2026-09-05 05:55:54,633 - INFO - [Round 19] data-free KD 30 vong: gen_loss=0.2754 stu_loss=0.1655 (CE 0.0757)
2026-09-05 05:55:54,668 - INFO - [Round 19] luu checkpoint -> /kaggle/working/results_iovfd_iot_full_task0/checkpoints/round_019.pth
2026-09-05 05:56:39,754 - INFO - [Round 19] loss=1.0124 acc=0.5514 | micro P/R/F1=0.5514/0.5514/0.5514 | macro P/R/F1=0.2909/0.1859/0.1466 | weighted P/R/F1=0.4435/0.5514/0.4115
2026-09-05 05:56:39,754 - INFO - fit progress: (19, 1.0124274479333035, {'accuracy': 0.5514466370934865, 'micro_precision': 0.5514466370934865, 'micro_recall': 0.5514466370934865, 'micro_f1': 0.5514466370934865, 'macro_precision': 0.2909453790315122, 'macro_recall': 0.18591065254453673, 'macro_f1': 0.14664830670239096, 'weighted_precision': 0.4434692859200072, 'weighted_recall': 0.5514466370934865, 'weighted_f1': 0.4114774062276}, 1996.315644378)
2026-09-05 05:56:39,755 - INFO - configure_evaluate: no clients selected, skipping evaluation
2026-09-05 05:56:39,755 - INFO - 
2026-09-05 05:56:39,755 - INFO - [ROUND 20]
2026-09-05 05:56:39,755 - INFO - configure_fit: strategy sampled 47 clients (out of 47)
2026-09-05 05:57:26,208 - INFO - aggregate_fit: received 47 results and 0 failures
2026-09-05 05:57:26,284 - INFO - [Round 20] 47/47 client tiep tuc model cuc bo (Algorithm 1 dong 10)
2026-09-05 05:57:38,400 - INFO - [Round 20] data-free KD 30 vong: gen_loss=0.2753 stu_loss=0.1633 (CE 0.0749)
2026-09-05 05:57:38,435 - INFO - [Round 20] luu checkpoint -> /kaggle/working/results_iovfd_iot_full_task0/checkpoints/round_020.pth
2026-09-05 05:58:21,326 - INFO - [Round 20] loss=1.0479 acc=0.5506 | micro P/R/F1=0.5506/0.5506/0.5506 | macro P/R/F1=0.2780/0.1876/0.1477 | weighted P/R/F1=0.4150/0.5506/0.4122
2026-09-05 05:58:21,657 - INFO - Luu /kaggle/working/results_iovfd_iot_full_task0/confusion_matrix_task0.csv
2026-09-05 05:58:21,658 - INFO - Luu /kaggle/working/results_iovfd_iot_full_task0/confusion_matrix_task0_normalized.csv
2026-09-05 05:58:22,670 - INFO - Luu /kaggle/working/results_iovfd_iot_full_task0/classification_report_task0.txt
              precision    recall  f1-score   support

     class_0     0.5863    0.9992    0.7390   2160225
     class_1     0.9893    0.0406    0.0781    328980
     class_2     0.0000    0.0000    0.0000      1557
     class_3     0.0363    0.0027    0.0050   1347913
     class_4     0.0121    0.0056    0.0076     40019
     class_5     0.0442    0.0775    0.0563     85258

    accuracy                         0.5506   3963952
   macro avg     0.2780    0.1876    0.1477   3963952
weighted avg     0.4150    0.5506    0.4122   3963952

2026-09-05 05:58:22,894 - INFO - Luu /kaggle/working/results_iovfd_iot_full_task0/confusion_matrix_task0.png
2026-09-05 05:58:22,894 - INFO - fit progress: (20, 1.0478723230194453, {'accuracy': 0.5505533366700707, 'micro_precision': 0.5505533366700707, 'micro_recall': 0.5505533366700707, 'micro_f1': 0.5505533366700707, 'macro_precision': 0.27802478576379125, 'macro_recall': 0.18761078955776037, 'macro_f1': 0.14766537708480357, 'weighted_precision': 0.41500611156346273, 'weighted_recall': 0.5505533366700707, 'weighted_f1': 0.4121846903853634}, 2099.455400376)
2026-09-05 05:58:22,894 - INFO - configure_evaluate: no clients selected, skipping evaluation
2026-09-05 05:58:22,895 - INFO - 
2026-09-05 05:58:22,895 - INFO - [ROUND 21]
2026-09-05 05:58:22,895 - INFO - configure_fit: strategy sampled 47 clients (out of 47)
2026-09-05 05:59:09,783 - INFO - aggregate_fit: received 47 results and 0 failures
2026-09-05 05:59:09,859 - INFO - [Round 21] 47/47 client tiep tuc model cuc bo (Algorithm 1 dong 10)
2026-09-05 05:59:22,329 - INFO - [Round 21] data-free KD 30 vong: gen_loss=0.2796 stu_loss=0.1638 (CE 0.0751)
2026-09-05 05:59:22,364 - INFO - [Round 21] luu checkpoint -> /kaggle/working/results_iovfd_iot_full_task0/checkpoints/round_021.pth
2026-09-05 06:00:04,904 - INFO - [Round 21] loss=0.9987 acc=0.5514 | micro P/R/F1=0.5514/0.5514/0.5514 | macro P/R/F1=0.2888/0.1822/0.1432 | weighted P/R/F1=0.4401/0.5514/0.4147
2026-09-05 06:00:04,904 - INFO - fit progress: (21, 0.9987065880751806, {'accuracy': 0.5513714595938599, 'micro_precision': 0.5513714595938599, 'micro_recall': 0.5513714595938599, 'micro_f1': 0.5513714595938599, 'macro_precision': 0.2888414897719624, 'macro_recall': 0.18223554230101388, 'macro_f1': 0.14317831710814313, 'weighted_precision': 0.44009221460636855, 'weighted_recall': 0.5513714595938599, 'weighted_f1': 0.4147490384280313}, 2201.465270236)
2026-09-05 06:00:04,904 - INFO - configure_evaluate: no clients selected, skipping evaluation
2026-09-05 06:00:04,904 - INFO - 
2026-09-05 06:00:04,905 - INFO - [ROUND 22]
2026-09-05 06:00:04,905 - INFO - configure_fit: strategy sampled 47 clients (out of 47)
2026-09-05 06:00:49,883 - INFO - aggregate_fit: received 47 results and 0 failures
2026-09-05 06:00:49,955 - INFO - [Round 22] 47/47 client tiep tuc model cuc bo (Algorithm 1 dong 10)
2026-09-05 06:01:02,164 - INFO - [Round 22] data-free KD 30 vong: gen_loss=0.2810 stu_loss=0.1627 (CE 0.0745)
2026-09-05 06:01:02,199 - INFO - [Round 22] luu checkpoint -> /kaggle/working/results_iovfd_iot_full_task0/checkpoints/round_022.pth
2026-09-05 06:01:45,030 - INFO - [Round 22] loss=1.0160 acc=0.5490 | micro P/R/F1=0.5490/0.5490/0.5490 | macro P/R/F1=0.2780/0.1786/0.1388 | weighted P/R/F1=0.4221/0.5490/0.4111
2026-09-05 06:01:45,030 - INFO - fit progress: (22, 1.0160106482707765, {'accuracy': 0.5490084138253944, 'micro_precision': 0.5490084138253944, 'micro_recall': 0.5490084138253944, 'micro_f1': 0.5490084138253944, 'macro_precision': 0.27796996305118904, 'macro_recall': 0.17863166108288855, 'macro_f1': 0.138848312213358, 'weighted_precision': 0.42211441486374063, 'weighted_recall': 0.5490084138253944, 'weighted_f1': 0.4110573768323674}, 2301.591285327)
2026-09-05 06:01:45,030 - INFO - configure_evaluate: no clients selected, skipping evaluation
2026-09-05 06:01:45,031 - INFO - 
2026-09-05 06:01:45,031 - INFO - [ROUND 23]
2026-09-05 06:01:45,031 - INFO - configure_fit: strategy sampled 47 clients (out of 47)
2026-09-05 06:02:29,203 - INFO - aggregate_fit: received 47 results and 0 failures
2026-09-05 06:02:29,279 - INFO - [Round 23] 47/47 client tiep tuc model cuc bo (Algorithm 1 dong 10)
2026-09-05 06:02:41,599 - INFO - [Round 23] data-free KD 30 vong: gen_loss=0.2843 stu_loss=0.1626 (CE 0.0747)
2026-09-05 06:02:41,634 - INFO - [Round 23] luu checkpoint -> /kaggle/working/results_iovfd_iot_full_task0/checkpoints/round_023.pth
2026-09-05 06:03:24,219 - INFO - [Round 23] loss=0.9833 acc=0.5533 | micro P/R/F1=0.5533/0.5533/0.5533 | macro P/R/F1=0.2963/0.1845/0.1454 | weighted P/R/F1=0.4574/0.5533/0.4190
2026-09-05 06:03:24,220 - INFO - fit progress: (23, 0.9833306274877107, {'accuracy': 0.5532831880910768, 'micro_precision': 0.5532831880910768, 'micro_recall': 0.5532831880910768, 'micro_f1': 0.5532831880910768, 'macro_precision': 0.29630389994092227, 'macro_recall': 0.18447457145716376, 'macro_f1': 0.14541442016713738, 'weighted_precision': 0.4573802978403757, 'weighted_recall': 0.5532831880910768, 'weighted_f1': 0.41897100408592786}, 2400.781137114)
2026-09-05 06:03:24,220 - INFO - configure_evaluate: no clients selected, skipping evaluation
2026-09-05 06:03:24,220 - INFO - 
2026-09-05 06:03:24,220 - INFO - [ROUND 24]
2026-09-05 06:03:24,221 - INFO - configure_fit: strategy sampled 47 clients (out of 47)
2026-09-05 06:04:10,660 - INFO - aggregate_fit: received 47 results and 0 failures
2026-09-05 06:04:10,746 - INFO - [Round 24] 47/47 client tiep tuc model cuc bo (Algorithm 1 dong 10)
2026-09-05 06:04:23,580 - INFO - [Round 24] data-free KD 30 vong: gen_loss=0.2782 stu_loss=0.1606 (CE 0.0738)
2026-09-05 06:04:23,616 - INFO - [Round 24] luu checkpoint -> /kaggle/working/results_iovfd_iot_full_task0/checkpoints/round_024.pth
2026-09-05 06:05:06,736 - INFO - [Round 24] loss=1.0674 acc=0.5494 | micro P/R/F1=0.5494/0.5494/0.5494 | macro P/R/F1=0.2831/0.1890/0.1425 | weighted P/R/F1=0.4200/0.5494/0.4043
2026-09-05 06:05:06,736 - INFO - fit progress: (24, 1.0674321341120507, {'accuracy': 0.5493578126072163, 'micro_precision': 0.5493578126072163, 'micro_recall': 0.5493578126072163, 'micro_f1': 0.5493578126072163, 'macro_precision': 0.283120439993835, 'macro_recall': 0.18897725628031348, 'macro_f1': 0.14246065469703156, 'weighted_precision': 0.42001144796549184, 'weighted_recall': 0.5493578126072163, 'weighted_f1': 0.40430085322561654}, 2503.297234437)
2026-09-05 06:05:06,736 - INFO - configure_evaluate: no clients selected, skipping evaluation
2026-09-05 06:05:06,736 - INFO - 
2026-09-05 06:05:06,736 - INFO - [ROUND 25]
2026-09-05 06:05:06,736 - INFO - configure_fit: strategy sampled 47 clients (out of 47)
2026-09-05 06:05:54,315 - INFO - aggregate_fit: received 47 results and 0 failures
2026-09-05 06:05:54,398 - INFO - [Round 25] 47/47 client tiep tuc model cuc bo (Algorithm 1 dong 10)
2026-09-05 06:06:07,366 - INFO - [Round 25] data-free KD 30 vong: gen_loss=0.2836 stu_loss=0.1621 (CE 0.0740)
2026-09-05 06:06:07,401 - INFO - [Round 25] luu checkpoint -> /kaggle/working/results_iovfd_iot_full_task0/checkpoints/round_025.pth
2026-09-05 06:06:52,047 - INFO - [Round 25] loss=0.8444 acc=0.5900 | micro P/R/F1=0.5900/0.5900/0.5900 | macro P/R/F1=0.3734/0.1971/0.1711 | weighted P/R/F1=0.6237/0.5900/0.4907
2026-09-05 06:06:52,365 - INFO - Luu /kaggle/working/results_iovfd_iot_full_task0/confusion_matrix_task0.csv
2026-09-05 06:06:52,365 - INFO - Luu /kaggle/working/results_iovfd_iot_full_task0/confusion_matrix_task0_normalized.csv
2026-09-05 06:06:53,342 - INFO - Luu /kaggle/working/results_iovfd_iot_full_task0/classification_report_task0.txt
              precision    recall  f1-score   support

     class_0     0.6185    0.9989    0.7639   2160225
     class_1     0.9929    0.0081    0.0161    328980
     class_2     0.0000    0.0000    0.0000      1557
     class_3     0.5989    0.1293    0.2127   1347913
     class_4     0.0080    0.0028    0.0041     40019
     class_5     0.0223    0.0437    0.0296     85258

    accuracy                         0.5900   3963952
   macro avg     0.3734    0.1971    0.1711   3963952
weighted avg     0.6237    0.5900    0.4907   3963952

2026-09-05 06:06:53,564 - INFO - Luu /kaggle/working/results_iovfd_iot_full_task0/confusion_matrix_task0.png
2026-09-05 06:06:53,564 - INFO - fit progress: (25, 0.8443706297923711, {'accuracy': 0.5899723306437615, 'micro_precision': 0.5899723306437615, 'micro_recall': 0.5899723306437615, 'micro_f1': 0.5899723306437615, 'macro_precision': 0.37343394109892974, 'macro_recall': 0.19714080500885045, 'macro_f1': 0.17106729746335694, 'weighted_precision': 0.6236613782412498, 'weighted_recall': 0.5899723306437615, 'weighted_f1': 0.49065307713314193}, 2610.12550942)
2026-09-05 06:06:53,565 - INFO - configure_evaluate: no clients selected, skipping evaluation
2026-09-05 06:06:53,565 - INFO - 
2026-09-05 06:06:53,565 - INFO - [ROUND 26]
2026-09-05 06:06:53,565 - INFO - configure_fit: strategy sampled 47 clients (out of 47)
2026-09-05 06:07:38,416 - INFO - aggregate_fit: received 47 results and 0 failures
2026-09-05 06:07:38,496 - INFO - [Round 26] 47/47 client tiep tuc model cuc bo (Algorithm 1 dong 10)
2026-09-05 06:07:50,685 - INFO - [Round 26] data-free KD 30 vong: gen_loss=0.2920 stu_loss=0.1631 (CE 0.0745)
2026-09-05 06:07:50,722 - INFO - [Round 26] luu checkpoint -> /kaggle/working/results_iovfd_iot_full_task0/checkpoints/round_026.pth
2026-09-05 06:08:34,346 - INFO - [Round 26] loss=0.9740 acc=0.5564 | micro P/R/F1=0.5564/0.5564/0.5564 | macro P/R/F1=0.3113/0.1951/0.1533 | weighted P/R/F1=0.4810/0.5564/0.4249
2026-09-05 06:08:34,346 - INFO - fit progress: (26, 0.9740256881418307, {'accuracy': 0.5564005315906954, 'micro_precision': 0.5564005315906954, 'micro_recall': 0.5564005315906954, 'micro_f1': 0.5564005315906954, 'macro_precision': 0.31131764341080387, 'macro_recall': 0.19505238216547363, 'macro_f1': 0.15326627498569081, 'weighted_precision': 0.48099338664489855, 'weighted_recall': 0.5564005315906954, 'weighted_f1': 0.4248939332439935}, 2710.907298831)
2026-09-05 06:08:34,346 - INFO - configure_evaluate: no clients selected, skipping evaluation
2026-09-05 06:08:34,346 - INFO - 
2026-09-05 06:08:34,346 - INFO - [ROUND 27]
2026-09-05 06:08:34,347 - INFO - configure_fit: strategy sampled 47 clients (out of 47)
2026-09-05 06:09:18,803 - INFO - aggregate_fit: received 47 results and 0 failures
2026-09-05 06:09:18,878 - INFO - [Round 27] 47/47 client tiep tuc model cuc bo (Algorithm 1 dong 10)
2026-09-05 06:09:31,395 - INFO - [Round 27] data-free KD 30 vong: gen_loss=0.2887 stu_loss=0.1611 (CE 0.0738)
2026-09-05 06:09:31,429 - INFO - [Round 27] luu checkpoint -> /kaggle/working/results_iovfd_iot_full_task0/checkpoints/round_027.pth
2026-09-05 06:10:14,749 - INFO - [Round 27] loss=1.0543 acc=0.5491 | micro P/R/F1=0.5491/0.5491/0.5491 | macro P/R/F1=0.2926/0.1938/0.1404 | weighted P/R/F1=0.4399/0.5491/0.4052
2026-09-05 06:10:14,749 - INFO - fit progress: (27, 1.0542816205088756, {'accuracy': 0.5491032686571381, 'micro_precision': 0.5491032686571381, 'micro_recall': 0.5491032686571381, 'micro_f1': 0.5491032686571381, 'macro_precision': 0.2925897731544413, 'macro_recall': 0.1938261288261318, 'macro_f1': 0.14042212713002003, 'weighted_precision': 0.43991466487782643, 'weighted_recall': 0.5491032686571381, 'weighted_f1': 0.4051661611933932}, 2811.310467575)
2026-09-05 06:10:14,750 - INFO - configure_evaluate: no clients selected, skipping evaluation
2026-09-05 06:10:14,750 - INFO - 
2026-09-05 06:10:14,750 - INFO - [ROUND 28]
2026-09-05 06:10:14,750 - INFO - configure_fit: strategy sampled 47 clients (out of 47)
2026-09-05 06:11:00,169 - INFO - aggregate_fit: received 47 results and 0 failures
2026-09-05 06:11:00,244 - INFO - [Round 28] 47/47 client tiep tuc model cuc bo (Algorithm 1 dong 10)
2026-09-05 06:11:12,647 - INFO - [Round 28] data-free KD 30 vong: gen_loss=0.2974 stu_loss=0.1611 (CE 0.0737)
2026-09-05 06:11:12,681 - INFO - [Round 28] luu checkpoint -> /kaggle/working/results_iovfd_iot_full_task0/checkpoints/round_028.pth
2026-09-05 06:11:55,098 - INFO - [Round 28] loss=1.0365 acc=0.5493 | micro P/R/F1=0.5493/0.5493/0.5493 | macro P/R/F1=0.2932/0.1961/0.1418 | weighted P/R/F1=0.4527/0.5493/0.4055
2026-09-05 06:11:55,099 - INFO - fit progress: (28, 1.0365453405567437, {'accuracy': 0.549271282800599, 'micro_precision': 0.549271282800599, 'micro_recall': 0.549271282800599, 'micro_f1': 0.549271282800599, 'macro_precision': 0.2931620113830433, 'macro_recall': 0.19613316274152226, 'macro_f1': 0.14182325560544742, 'weighted_precision': 0.45271880623169225, 'weighted_recall': 0.549271282800599, 'weighted_f1': 0.4055366196728235}, 2911.660169887)
2026-09-05 06:11:55,099 - INFO - configure_evaluate: no clients selected, skipping evaluation
2026-09-05 06:11:55,099 - INFO - 
2026-09-05 06:11:55,099 - INFO - [ROUND 29]
2026-09-05 06:11:55,100 - INFO - configure_fit: strategy sampled 47 clients (out of 47)
2026-09-05 06:12:41,716 - INFO - aggregate_fit: received 47 results and 0 failures
2026-09-05 06:12:41,789 - INFO - [Round 29] 47/47 client tiep tuc model cuc bo (Algorithm 1 dong 10)
2026-09-05 06:12:53,935 - INFO - [Round 29] data-free KD 30 vong: gen_loss=0.2930 stu_loss=0.1598 (CE 0.0734)
2026-09-05 06:12:53,970 - INFO - [Round 29] luu checkpoint -> /kaggle/working/results_iovfd_iot_full_task0/checkpoints/round_029.pth
2026-09-05 06:13:36,775 - INFO - [Round 29] loss=1.0547 acc=0.5494 | micro P/R/F1=0.5494/0.5494/0.5494 | macro P/R/F1=0.2899/0.1980/0.1426 | weighted P/R/F1=0.4383/0.5494/0.4072
2026-09-05 06:13:36,775 - INFO - fit progress: (29, 1.0547489182761878, {'accuracy': 0.5494271878166033, 'micro_precision': 0.5494271878166033, 'micro_recall': 0.5494271878166033, 'micro_f1': 0.5494271878166033, 'macro_precision': 0.28990299406089687, 'macro_recall': 0.19804195665414834, 'macro_f1': 0.14259722899241292, 'weighted_precision': 0.4383227828083891, 'weighted_recall': 0.5494271878166033, 'weighted_f1': 0.4071584396027571}, 3013.336635623)
2026-09-05 06:13:36,776 - INFO - configure_evaluate: no clients selected, skipping evaluation
2026-09-05 06:13:36,776 - INFO - 
2026-09-05 06:13:36,776 - INFO - [ROUND 30]
2026-09-05 06:13:36,776 - INFO - configure_fit: strategy sampled 47 clients (out of 47)
2026-09-05 06:14:21,369 - INFO - aggregate_fit: received 47 results and 0 failures
2026-09-05 06:14:21,443 - INFO - [Round 30] 47/47 client tiep tuc model cuc bo (Algorithm 1 dong 10)
2026-09-05 06:14:33,651 - INFO - [Round 30] data-free KD 30 vong: gen_loss=0.2993 stu_loss=0.1590 (CE 0.0730)
2026-09-05 06:14:33,685 - INFO - [Round 30] luu checkpoint -> /kaggle/working/results_iovfd_iot_full_task0/checkpoints/round_030.pth
2026-09-05 06:15:15,738 - INFO - [Round 30] loss=0.9556 acc=0.5520 | micro P/R/F1=0.5520/0.5520/0.5520 | macro P/R/F1=0.3261/0.1955/0.1449 | weighted P/R/F1=0.5089/0.5520/0.4114
2026-09-05 06:15:16,029 - INFO - Luu /kaggle/working/results_iovfd_iot_full_task0/confusion_matrix_task0.csv
2026-09-05 06:15:16,029 - INFO - Luu /kaggle/working/results_iovfd_iot_full_task0/confusion_matrix_task0_normalized.csv
2026-09-05 06:15:16,949 - INFO - Luu /kaggle/working/results_iovfd_iot_full_task0/classification_report_task0.txt
              precision    recall  f1-score   support

     class_0     0.5829    0.9992    0.7363   2160225
     class_1     0.9833    0.0100    0.0198    328980
     class_2     0.0002    0.0026    0.0004      1557
     class_3     0.3180    0.0099    0.0192   1347913
     class_4     0.0045    0.0004    0.0008     40019
     class_5     0.0674    0.1512    0.0933     85258

    accuracy                         0.5520   3963952
   macro avg     0.3261    0.1955    0.1449   3963952
weighted avg     0.5089    0.5520    0.4114   3963952

2026-09-05 06:15:17,164 - INFO - Luu /kaggle/working/results_iovfd_iot_full_task0/confusion_matrix_task0.png
2026-09-05 06:15:17,164 - INFO - fit progress: (30, 0.9556496639020187, {'accuracy': 0.551979943248556, 'micro_precision': 0.551979943248556, 'micro_recall': 0.551979943248556, 'micro_f1': 0.551979943248556, 'macro_precision': 0.3260637267275226, 'macro_recall': 0.19554590636451094, 'macro_f1': 0.14494918249616665, 'weighted_precision': 0.5089009947101579, 'weighted_recall': 0.551979943248556, 'weighted_f1': 0.41141383713539764}, 3113.725136156)
2026-09-05 06:15:17,164 - INFO - configure_evaluate: no clients selected, skipping evaluation
2026-09-05 06:15:17,165 - INFO - 
2026-09-05 06:15:17,165 - INFO - [SUMMARY]
2026-09-05 06:15:17,165 - INFO - Run finished 30 round(s) in 3113.73s
2026-09-05 06:15:17,171 - INFO - 	History (loss, centralized):
2026-09-05 06:15:17,171 - INFO - 		round 1: 1.9404873525308184
2026-09-05 06:15:17,171 - INFO - 		round 2: 1.2144163717662007
2026-09-05 06:15:17,171 - INFO - 		round 3: 0.9522421589690792
2026-09-05 06:15:17,171 - INFO - 		round 4: 0.9745556297134762
2026-09-05 06:15:17,171 - INFO - 		round 5: 1.115313712846149
2026-09-05 06:15:17,172 - INFO - 		round 6: 1.019237723478601
2026-09-05 06:15:17,172 - INFO - 		round 7: 1.22085217848297
2026-09-05 06:15:17,172 - INFO - 		round 8: 1.022422002859352
2026-09-05 06:15:17,172 - INFO - 		round 9: 0.9783617291322424
2026-09-05 06:15:17,172 - INFO - 		round 10: 1.0457562991410247
2026-09-05 06:15:17,172 - INFO - 		round 11: 0.9703285159035162
2026-09-05 06:15:17,172 - INFO - 		round 12: 1.1727439681114245
2026-09-05 06:15:17,172 - INFO - 		round 13: 1.0839219093322754
2026-09-05 06:15:17,172 - INFO - 		round 14: 1.056453321098296
2026-09-05 06:15:17,172 - INFO - 		round 15: 0.9462752953664331
2026-09-05 06:15:17,172 - INFO - 		round 16: 1.0405232581225308
2026-09-05 06:15:17,172 - INFO - 		round 17: 1.0587021910454617
2026-09-05 06:15:17,172 - INFO - 		round 18: 0.9216965146301207
2026-09-05 06:15:17,173 - INFO - 		round 19: 1.0124274479333035
2026-09-05 06:15:17,173 - INFO - 		round 20: 1.0478723230194453
2026-09-05 06:15:17,173 - INFO - 		round 21: 0.9987065880751806
2026-09-05 06:15:17,173 - INFO - 		round 22: 1.0160106482707765
2026-09-05 06:15:17,173 - INFO - 		round 23: 0.9833306274877107
2026-09-05 06:15:17,173 - INFO - 		round 24: 1.0674321341120507
2026-09-05 06:15:17,173 - INFO - 		round 25: 0.8443706297923711
2026-09-05 06:15:17,173 - INFO - 		round 26: 0.9740256881418307
2026-09-05 06:15:17,173 - INFO - 		round 27: 1.0542816205088756
2026-09-05 06:15:17,173 - INFO - 		round 28: 1.0365453405567437
2026-09-05 06:15:17,173 - INFO - 		round 29: 1.0547489182761878
2026-09-05 06:15:17,173 - INFO - 		round 30: 0.9556496639020187
2026-09-05 06:15:17,173 - INFO - 	History (metrics, distributed, fit):
2026-09-05 06:15:17,173 - INFO - 	{'gen_loss': [(1, 1.0685057620207468),
2026-09-05 06:15:17,173 - INFO - 	              (2, 0.6876079758008321),
2026-09-05 06:15:17,174 - INFO - 	              (3, 0.4564138452212016),
2026-09-05 06:15:17,174 - INFO - 	              (4, 0.3843871037165324),
2026-09-05 06:15:17,174 - INFO - 	              (5, 0.3585660000642141),
2026-09-05 06:15:17,174 - INFO - 	              (6, 0.33603905042012533),
2026-09-05 06:15:17,174 - INFO - 	              (7, 0.310809721549352),
2026-09-05 06:15:17,174 - INFO - 	              (8, 0.29508795539538063),
2026-09-05 06:15:17,174 - INFO - 	              (9, 0.28602388004461926),
2026-09-05 06:15:17,174 - INFO - 	              (10, 0.2837944517532984),
2026-09-05 06:15:17,174 - INFO - 	              (11, 0.2796845803658167),
2026-09-05 06:15:17,174 - INFO - 	              (12, 0.286294291416804),
2026-09-05 06:15:17,174 - INFO - 	              (13, 0.2809482365846634),
2026-09-05 06:15:17,174 - INFO - 	              (14, 0.27794012327988943),
2026-09-05 06:15:17,174 - INFO - 	              (15, 0.2782682379086812),
2026-09-05 06:15:17,174 - INFO - 	              (16, 0.27614611983299253),
2026-09-05 06:15:17,174 - INFO - 	              (17, 0.27412189145882926),
2026-09-05 06:15:17,175 - INFO - 	              (18, 0.2740240434805552),
2026-09-05 06:15:17,175 - INFO - 	              (19, 0.2754341880480448),
2026-09-05 06:15:17,175 - INFO - 	              (20, 0.2752881278594335),
2026-09-05 06:15:17,175 - INFO - 	              (21, 0.27963710129261016),
2026-09-05 06:15:17,175 - INFO - 	              (22, 0.28103440602620444),
2026-09-05 06:15:17,175 - INFO - 	              (23, 0.2843490421772003),
2026-09-05 06:15:17,175 - INFO - 	              (24, 0.27817732890446983),
2026-09-05 06:15:17,175 - INFO - 	              (25, 0.2836155315240224),
2026-09-05 06:15:17,175 - INFO - 	              (26, 0.29197858770688373),
2026-09-05 06:15:17,175 - INFO - 	              (27, 0.2886998871962229),
2026-09-05 06:15:17,175 - INFO - 	              (28, 0.2973572591940562),
2026-09-05 06:15:17,175 - INFO - 	              (29, 0.29303429027398425),
2026-09-05 06:15:17,175 - INFO - 	              (30, 0.2992874473333359)],
2026-09-05 06:15:17,175 - INFO - 	 'kd_loss_client': [(1, 0.2584084680670624),
2026-09-05 06:15:17,176 - INFO - 	                    (2, 0.7936794603952511),
2026-09-05 06:15:17,176 - INFO - 	                    (3, 0.6543948921925796),
2026-09-05 06:15:17,176 - INFO - 	                    (4, 0.790098747103069),
2026-09-05 06:15:17,176 - INFO - 	                    (5, 0.7585897127508504),
2026-09-05 06:15:17,176 - INFO - 	                    (6, 0.6239386665119064),
2026-09-05 06:15:17,176 - INFO - 	                    (7, 0.5378237570121288),
2026-09-05 06:15:17,176 - INFO - 	                    (8, 0.5579049805110701),
2026-09-05 06:15:17,176 - INFO - 	                    (9, 0.485051192567066),
2026-09-05 06:15:17,176 - INFO - 	                    (10, 0.4630790564399629),
2026-09-05 06:15:17,176 - INFO - 	                    (11, 0.4498377339972501),
2026-09-05 06:15:17,176 - INFO - 	                    (12, 0.40819690683645365),
2026-09-05 06:15:17,176 - INFO - 	                    (13, 0.46366568749610554),
2026-09-05 06:15:17,176 - INFO - 	                    (14, 0.45046096065384666),
2026-09-05 06:15:17,176 - INFO - 	                    (15, 0.4496318503123408),
2026-09-05 06:15:17,177 - INFO - 	                    (16, 0.45173500939834416),
2026-09-05 06:15:17,177 - INFO - 	                    (17, 0.45791571375820755),
2026-09-05 06:15:17,177 - INFO - 	                    (18, 0.4609849799499356),
2026-09-05 06:15:17,177 - INFO - 	                    (19, 0.4197769940307313),
2026-09-05 06:15:17,177 - INFO - 	                    (20, 0.46317406232291597),
2026-09-05 06:15:17,177 - INFO - 	                    (21, 0.4721233180965646),
2026-09-05 06:15:17,177 - INFO - 	                    (22, 0.4603708210740147),
2026-09-05 06:15:17,177 - INFO - 	                    (23, 0.4723638941756672),
2026-09-05 06:15:17,177 - INFO - 	                    (24, 0.4484168959324535),
2026-09-05 06:15:17,177 - INFO - 	                    (25, 0.47297056028930085),
2026-09-05 06:15:17,177 - INFO - 	                    (26, 0.4203925520522088),
2026-09-05 06:15:17,177 - INFO - 	                    (27, 0.4326422661391949),
2026-09-05 06:15:17,177 - INFO - 	                    (28, 0.46428437507194625),
2026-09-05 06:15:17,177 - INFO - 	                    (29, 0.46526496416718505),
2026-09-05 06:15:17,177 - INFO - 	                    (30, 0.4658429677099877)],
2026-09-05 06:15:17,177 - INFO - 	 'num_clients': [(1, 47),
2026-09-05 06:15:17,178 - INFO - 	                 (2, 47),
2026-09-05 06:15:17,178 - INFO - 	                 (3, 47),
2026-09-05 06:15:17,178 - INFO - 	                 (4, 47),
2026-09-05 06:15:17,178 - INFO - 	                 (5, 47),
2026-09-05 06:15:17,178 - INFO - 	                 (6, 47),
2026-09-05 06:15:17,178 - INFO - 	                 (7, 47),
2026-09-05 06:15:17,178 - INFO - 	                 (8, 47),
2026-09-05 06:15:17,178 - INFO - 	                 (9, 47),
2026-09-05 06:15:17,178 - INFO - 	                 (10, 47),
2026-09-05 06:15:17,178 - INFO - 	                 (11, 47),
2026-09-05 06:15:17,178 - INFO - 	                 (12, 47),
2026-09-05 06:15:17,178 - INFO - 	                 (13, 47),
2026-09-05 06:15:17,178 - INFO - 	                 (14, 47),
2026-09-05 06:15:17,178 - INFO - 	                 (15, 47),
2026-09-05 06:15:17,178 - INFO - 	                 (16, 47),
2026-09-05 06:15:17,179 - INFO - 	                 (17, 47),
2026-09-05 06:15:17,179 - INFO - 	                 (18, 47),
2026-09-05 06:15:17,179 - INFO - 	                 (19, 47),
2026-09-05 06:15:17,179 - INFO - 	                 (20, 47),
2026-09-05 06:15:17,179 - INFO - 	                 (21, 47),
2026-09-05 06:15:17,179 - INFO - 	                 (22, 47),
2026-09-05 06:15:17,179 - INFO - 	                 (23, 47),
2026-09-05 06:15:17,179 - INFO - 	                 (24, 47),
2026-09-05 06:15:17,179 - INFO - 	                 (25, 47),
2026-09-05 06:15:17,179 - INFO - 	                 (26, 47),
2026-09-05 06:15:17,179 - INFO - 	                 (27, 47),
2026-09-05 06:15:17,179 - INFO - 	                 (28, 47),
2026-09-05 06:15:17,179 - INFO - 	                 (29, 47),
2026-09-05 06:15:17,179 - INFO - 	                 (30, 47)],
2026-09-05 06:15:17,179 - INFO - 	 'resumed_local': [(1, 0),
2026-09-05 06:15:17,179 - INFO - 	                   (2, 47),
2026-09-05 06:15:17,180 - INFO - 	                   (3, 47),
2026-09-05 06:15:17,180 - INFO - 	                   (4, 47),
2026-09-05 06:15:17,180 - INFO - 	                   (5, 47),
2026-09-05 06:15:17,180 - INFO - 	                   (6, 47),
2026-09-05 06:15:17,180 - INFO - 	                   (7, 47),
2026-09-05 06:15:17,180 - INFO - 	                   (8, 47),
2026-09-05 06:15:17,180 - INFO - 	                   (9, 47),
2026-09-05 06:15:17,180 - INFO - 	                   (10, 47),
2026-09-05 06:15:17,180 - INFO - 	                   (11, 47),
2026-09-05 06:15:17,180 - INFO - 	                   (12, 47),
2026-09-05 06:15:17,180 - INFO - 	                   (13, 47),
2026-09-05 06:15:17,180 - INFO - 	                   (14, 47),
2026-09-05 06:15:17,180 - INFO - 	                   (15, 47),
2026-09-05 06:15:17,180 - INFO - 	                   (16, 47),
2026-09-05 06:15:17,180 - INFO - 	                   (17, 47),
2026-09-05 06:15:17,180 - INFO - 	                   (18, 47),
2026-09-05 06:15:17,180 - INFO - 	                   (19, 47),
2026-09-05 06:15:17,180 - INFO - 	                   (20, 47),
2026-09-05 06:15:17,180 - INFO - 	                   (21, 47),
2026-09-05 06:15:17,180 - INFO - 	                   (22, 47),
2026-09-05 06:15:17,180 - INFO - 	                   (23, 47),
2026-09-05 06:15:17,180 - INFO - 	                   (24, 47),
2026-09-05 06:15:17,180 - INFO - 	                   (25, 47),
2026-09-05 06:15:17,180 - INFO - 	                   (26, 47),
2026-09-05 06:15:17,181 - INFO - 	                   (27, 47),
2026-09-05 06:15:17,181 - INFO - 	                   (28, 47),
2026-09-05 06:15:17,181 - INFO - 	                   (29, 47),
2026-09-05 06:15:17,181 - INFO - 	                   (30, 47)],
2026-09-05 06:15:17,181 - INFO - 	 'stu_ce': [(1, 2.452098033428192),
2026-09-05 06:15:17,181 - INFO - 	            (2, 0.6197656465570132),
2026-09-05 06:15:17,181 - INFO - 	            (3, 0.17113388945659003),
2026-09-05 06:15:17,181 - INFO - 	            (4, 0.10153610254327457),
2026-09-05 06:15:17,181 - INFO - 	            (5, 0.09103536208470663),
2026-09-05 06:15:17,181 - INFO - 	            (6, 0.0899198225637277),
2026-09-05 06:15:17,181 - INFO - 	            (7, 0.08691752880811691),
2026-09-05 06:15:17,181 - INFO - 	            (8, 0.08425167436401049),
2026-09-05 06:15:17,181 - INFO - 	            (9, 0.08217469761768977),
2026-09-05 06:15:17,181 - INFO - 	            (10, 0.08023752416173617),
2026-09-05 06:15:17,181 - INFO - 	            (11, 0.0794560295343399),
2026-09-05 06:15:17,181 - INFO - 	            (12, 0.08003800680239995),
2026-09-05 06:15:17,181 - INFO - 	            (13, 0.07908636450767517),
2026-09-05 06:15:17,181 - INFO - 	            (14, 0.07819395373264948),
2026-09-05 06:15:17,181 - INFO - 	            (15, 0.07694070304433505),
2026-09-05 06:15:17,181 - INFO - 	            (16, 0.07683210035165151),
2026-09-05 06:15:17,181 - INFO - 	            (17, 0.07634700581431389),
2026-09-05 06:15:17,181 - INFO - 	            (18, 0.07580895056327185),
2026-09-05 06:15:17,181 - INFO - 	            (19, 0.07569586594899495),
2026-09-05 06:15:17,181 - INFO - 	            (20, 0.07486123390495777),
2026-09-05 06:15:17,181 - INFO - 	            (21, 0.07512741218010585),
2026-09-05 06:15:17,182 - INFO - 	            (22, 0.07453927531838417),
2026-09-05 06:15:17,182 - INFO - 	            (23, 0.07472183026373386),
2026-09-05 06:15:17,182 - INFO - 	            (24, 0.07379490400354068),
2026-09-05 06:15:17,182 - INFO - 	            (25, 0.07398790759344896),
2026-09-05 06:15:17,182 - INFO - 	            (26, 0.07452948652207851),
2026-09-05 06:15:17,182 - INFO - 	            (27, 0.0737927703311046),
2026-09-05 06:15:17,182 - INFO - 	            (28, 0.0737031805018584),
2026-09-05 06:15:17,182 - INFO - 	            (29, 0.07340694881975651),
2026-09-05 06:15:17,182 - INFO - 	            (30, 0.0730392458041509)],
2026-09-05 06:15:17,182 - INFO - 	 'stu_loss': [(1, 2.4619331057866414),
2026-09-05 06:15:17,182 - INFO - 	              (2, 0.6792370744546254),
2026-09-05 06:15:17,182 - INFO - 	              (3, 0.2892187922199567),
2026-09-05 06:15:17,182 - INFO - 	              (4, 0.22194914579391478),
2026-09-05 06:15:17,182 - INFO - 	              (5, 0.20636988431215286),
2026-09-05 06:15:17,182 - INFO - 	              (6, 0.20474832038084667),
2026-09-05 06:15:17,182 - INFO - 	              (7, 0.19509126782417296),
2026-09-05 06:15:17,182 - INFO - 	              (8, 0.1881090165177981),
2026-09-05 06:15:17,182 - INFO - 	              (9, 0.1823598180214564),
2026-09-05 06:15:17,182 - INFO - 	              (10, 0.17822993020216624),
2026-09-05 06:15:17,182 - INFO - 	              (11, 0.1757493688662847),
2026-09-05 06:15:17,182 - INFO - 	              (12, 0.17727180083592733),
2026-09-05 06:15:17,182 - INFO - 	              (13, 0.17378738592068355),
2026-09-05 06:15:17,182 - INFO - 	              (14, 0.17325741161902747),
2026-09-05 06:15:17,182 - INFO - 	              (15, 0.16983888626098634),
2026-09-05 06:15:17,182 - INFO - 	              (16, 0.1683222355445226),
2026-09-05 06:15:17,182 - INFO - 	              (17, 0.16676247358322144),
2026-09-05 06:15:17,182 - INFO - 	              (18, 0.165812586247921),
2026-09-05 06:15:17,183 - INFO - 	              (19, 0.16551851520935695),
2026-09-05 06:15:17,183 - INFO - 	              (20, 0.16331005613009134),
2026-09-05 06:15:17,183 - INFO - 	              (21, 0.16384155601263045),
2026-09-05 06:15:17,183 - INFO - 	              (22, 0.16266563326120376),
2026-09-05 06:15:17,183 - INFO - 	              (23, 0.16260333130757013),
2026-09-05 06:15:17,183 - INFO - 	              (24, 0.16060408532619477),
2026-09-05 06:15:17,183 - INFO - 	              (25, 0.16209762434164682),
2026-09-05 06:15:17,183 - INFO - 	              (26, 0.16305157353480657),
2026-09-05 06:15:17,183 - INFO - 	              (27, 0.161131895283858),
2026-09-05 06:15:17,183 - INFO - 	              (28, 0.1610621190071106),
2026-09-05 06:15:17,183 - INFO - 	              (29, 0.15981904158989588),
2026-09-05 06:15:17,183 - INFO - 	              (30, 0.15902409394582112)],
2026-09-05 06:15:17,183 - INFO - 	 'train_loss': [(1, 0.85515988528397),
2026-09-05 06:15:17,183 - INFO - 	                (2, 0.42453597316891883),
2026-09-05 06:15:17,183 - INFO - 	                (3, 0.2540814777695674),
2026-09-05 06:15:17,183 - INFO - 	                (4, 0.17808745058009687),
2026-09-05 06:15:17,183 - INFO - 	                (5, 0.1402961075305515),
2026-09-05 06:15:17,183 - INFO - 	                (6, 0.11950699842983745),
2026-09-05 06:15:17,183 - INFO - 	                (7, 0.10607666274595595),
2026-09-05 06:15:17,183 - INFO - 	                (8, 0.09780572730598146),
2026-09-05 06:15:17,183 - INFO - 	                (9, 0.09058155449138097),
2026-09-05 06:15:17,183 - INFO - 	                (10, 0.08493685144528841),
2026-09-05 06:15:17,183 - INFO - 	                (11, 0.08006600758940965),
2026-09-05 06:15:17,183 - INFO - 	                (12, 0.07627702118629102),
2026-09-05 06:15:17,183 - INFO - 	                (13, 0.0723780695395094),
2026-09-05 06:15:17,183 - INFO - 	                (14, 0.0687775535719435),
2026-09-05 06:15:17,184 - INFO - 	                (15, 0.06562338654039356),
2026-09-05 06:15:17,184 - INFO - 	                (16, 0.06237047267630746),
2026-09-05 06:15:17,184 - INFO - 	                (17, 0.05962824322352537),
2026-09-05 06:15:17,184 - INFO - 	                (18, 0.057106067849019254),
2026-09-05 06:15:17,184 - INFO - 	                (19, 0.055271495462048646),
2026-09-05 06:15:17,184 - INFO - 	                (20, 0.052929554447363136),
2026-09-05 06:15:17,184 - INFO - 	                (21, 0.05190947322234193),
2026-09-05 06:15:17,184 - INFO - 	                (22, 0.050375074936918667),
2026-09-05 06:15:17,184 - INFO - 	                (23, 0.04912123246276271),
2026-09-05 06:15:17,184 - INFO - 	                (24, 0.048308145152285265),
2026-09-05 06:15:17,184 - INFO - 	                (25, 0.04765860414942468),
2026-09-05 06:15:17,184 - INFO - 	                (26, 0.0461204408986499),
2026-09-05 06:15:17,184 - INFO - 	                (27, 0.04597850457706242),
2026-09-05 06:15:17,184 - INFO - 	                (28, 0.04555544662616495),
2026-09-05 06:15:17,184 - INFO - 	                (29, 0.04480528679698426),
2026-09-05 06:15:17,184 - INFO - 	                (30, 0.04486269244878342)]}
2026-09-05 06:15:17,184 - INFO - 	History (metrics, centralized):
2026-09-05 06:15:17,184 - INFO - 	{'accuracy': [(1, 0.5783258727653614),
2026-09-05 06:15:17,184 - INFO - 	              (2, 0.6139640439642055),
2026-09-05 06:15:17,185 - INFO - 	              (3, 0.913049653477136),
2026-09-05 06:15:17,185 - INFO - 	              (4, 0.5710727576923232),
2026-09-05 06:15:17,185 - INFO - 	              (5, 0.5687117301117672),
2026-09-05 06:15:17,185 - INFO - 	              (6, 0.5544247256273537),
2026-09-05 06:15:17,185 - INFO - 	              (7, 0.5493908604342334),
2026-09-05 06:15:17,185 - INFO - 	              (8, 0.55652767742899),
2026-09-05 06:15:17,185 - INFO - 	              (9, 0.559841037429313),
2026-09-05 06:15:17,185 - INFO - 	              (10, 0.5586455133664585),
2026-09-05 06:15:17,185 - INFO - 	              (11, 0.5582325416654894),
2026-09-05 06:15:17,185 - INFO - 	              (12, 0.5501017671253335),
2026-09-05 06:15:17,185 - INFO - 	              (13, 0.5502548971329623),
2026-09-05 06:15:17,185 - INFO - 	              (14, 0.552970873512091),
2026-09-05 06:15:17,185 - INFO - 	              (15, 0.5591997582210885),
2026-09-05 06:15:17,185 - INFO - 	              (16, 0.5515102100126339),
2026-09-05 06:15:17,185 - INFO - 	              (17, 0.5487256152445842),
2026-09-05 06:15:17,186 - INFO - 	              (18, 0.5634810915974765),
2026-09-05 06:15:17,186 - INFO - 	              (19, 0.5514466370934865),
2026-09-05 06:15:17,186 - INFO - 	              (20, 0.5505533366700707),
2026-09-05 06:15:17,186 - INFO - 	              (21, 0.5513714595938599),
2026-09-05 06:15:17,186 - INFO - 	              (22, 0.5490084138253944),
2026-09-05 06:15:17,186 - INFO - 	              (23, 0.5532831880910768),
2026-09-05 06:15:17,186 - INFO - 	              (24, 0.5493578126072163),
2026-09-05 06:15:17,186 - INFO - 	              (25, 0.5899723306437615),
2026-09-05 06:15:17,186 - INFO - 	              (26, 0.5564005315906954),
2026-09-05 06:15:17,186 - INFO - 	              (27, 0.5491032686571381),
2026-09-05 06:15:17,186 - INFO - 	              (28, 0.549271282800599),
2026-09-05 06:15:17,186 - INFO - 	              (29, 0.5494271878166033),
2026-09-05 06:15:17,186 - INFO - 	              (30, 0.551979943248556)],
2026-09-05 06:15:17,186 - INFO - 	 'macro_f1': [(1, 0.22207368039509334),
2026-09-05 06:15:17,186 - INFO - 	              (2, 0.26883022322091293),
2026-09-05 06:15:17,186 - INFO - 	              (3, 0.44288261432822823),
2026-09-05 06:15:17,186 - INFO - 	              (4, 0.23497990973664237),
2026-09-05 06:15:17,186 - INFO - 	              (5, 0.22239958513257105),
2026-09-05 06:15:17,186 - INFO - 	              (6, 0.15209622425045816),
2026-09-05 06:15:17,186 - INFO - 	              (7, 0.15288601825865303),
2026-09-05 06:15:17,186 - INFO - 	              (8, 0.15942081322218152),
2026-09-05 06:15:17,186 - INFO - 	              (9, 0.17019322888459562),
2026-09-05 06:15:17,186 - INFO - 	              (10, 0.16642117305165285),
2026-09-05 06:15:17,187 - INFO - 	              (11, 0.16294686702813946),
2026-09-05 06:15:17,187 - INFO - 	              (12, 0.15054357827820042),
2026-09-05 06:15:17,187 - INFO - 	              (13, 0.14808292382162036),
2026-09-05 06:15:17,187 - INFO - 	              (14, 0.1553392091605246),
2026-09-05 06:15:17,187 - INFO - 	              (15, 0.15243565201576914),
2026-09-05 06:15:17,187 - INFO - 	              (16, 0.14692547043872786),
2026-09-05 06:15:17,187 - INFO - 	              (17, 0.1383947037021526),
2026-09-05 06:15:17,187 - INFO - 	              (18, 0.15944657281427785),
2026-09-05 06:15:17,187 - INFO - 	              (19, 0.14664830670239096),
2026-09-05 06:15:17,187 - INFO - 	              (20, 0.14766537708480357),
2026-09-05 06:15:17,187 - INFO - 	              (21, 0.14317831710814313),
2026-09-05 06:15:17,188 - INFO - 	              (22, 0.138848312213358),
2026-09-05 06:15:17,188 - INFO - 	              (23, 0.14541442016713738),
2026-09-05 06:15:17,188 - INFO - 	              (24, 0.14246065469703156),
2026-09-05 06:15:17,188 - INFO - 	              (25, 0.17106729746335694),
2026-09-05 06:15:17,188 - INFO - 	              (26, 0.15326627498569081),
2026-09-05 06:15:17,188 - INFO - 	              (27, 0.14042212713002003),
2026-09-05 06:15:17,188 - INFO - 	              (28, 0.14182325560544742),
2026-09-05 06:15:17,188 - INFO - 	              (29, 0.14259722899241292),
2026-09-05 06:15:17,188 - INFO - 	              (30, 0.14494918249616665)],
2026-09-05 06:15:17,188 - INFO - 	 'macro_precision': [(1, 0.22985876495000546),
2026-09-05 06:15:17,188 - INFO - 	                     (2, 0.28264370932157884),
2026-09-05 06:15:17,188 - INFO - 	                     (3, 0.49176852900376017),
2026-09-05 06:15:17,188 - INFO - 	                     (4, 0.37071156403013417),
2026-09-05 06:15:17,188 - INFO - 	                     (5, 0.3656404864510643),
2026-09-05 06:15:17,188 - INFO - 	                     (6, 0.30254681042791276),
2026-09-05 06:15:17,189 - INFO - 	                     (7, 0.29512913209937114),
2026-09-05 06:15:17,189 - INFO - 	                     (8, 0.3544041332902661),
2026-09-05 06:15:17,189 - INFO - 	                     (9, 0.33687986577548057),
2026-09-05 06:15:17,189 - INFO - 	                     (10, 0.35294071053920134),
2026-09-05 06:15:17,189 - INFO - 	                     (11, 0.3174170742035562),
2026-09-05 06:15:17,189 - INFO - 	                     (12, 0.28814602735615896),
2026-09-05 06:15:17,189 - INFO - 	                     (13, 0.2824641626320448),
2026-09-05 06:15:17,189 - INFO - 	                     (14, 0.310525398051454),
2026-09-05 06:15:17,189 - INFO - 	                     (15, 0.32262579046986),
2026-09-05 06:15:17,189 - INFO - 	                     (16, 0.2883823996809743),
2026-09-05 06:15:17,189 - INFO - 	                     (17, 0.2759182620619729),
2026-09-05 06:15:17,189 - INFO - 	                     (18, 0.32421633760436175),
2026-09-05 06:15:17,189 - INFO - 	                     (19, 0.2909453790315122),
2026-09-05 06:15:17,189 - INFO - 	                     (20, 0.27802478576379125),
2026-09-05 06:15:17,189 - INFO - 	                     (21, 0.2888414897719624),
2026-09-05 06:15:17,189 - INFO - 	                     (22, 0.27796996305118904),
2026-09-05 06:15:17,190 - INFO - 	                     (23, 0.29630389994092227),
2026-09-05 06:15:17,190 - INFO - 	                     (24, 0.283120439993835),
2026-09-05 06:15:17,190 - INFO - 	                     (25, 0.37343394109892974),
2026-09-05 06:15:17,190 - INFO - 	                     (26, 0.31131764341080387),
2026-09-05 06:15:17,190 - INFO - 	                     (27, 0.2925897731544413),
2026-09-05 06:15:17,190 - INFO - 	                     (28, 0.2931620113830433),
2026-09-05 06:15:17,190 - INFO - 	                     (29, 0.28990299406089687),
2026-09-05 06:15:17,190 - INFO - 	                     (30, 0.3260637267275226)],
2026-09-05 06:15:17,190 - INFO - 	 'macro_recall': [(1, 0.24176387952118752),
2026-09-05 06:15:17,190 - INFO - 	                  (2, 0.2922321117466278),
2026-09-05 06:15:17,190 - INFO - 	                  (3, 0.4378704353849077),
2026-09-05 06:15:17,190 - INFO - 	                  (4, 0.33013459090827996),
2026-09-05 06:15:17,190 - INFO - 	                  (5, 0.3093299859624961),
2026-09-05 06:15:17,190 - INFO - 	                  (6, 0.19717668685469805),
2026-09-05 06:15:17,190 - INFO - 	                  (7, 0.2104730906533868),
2026-09-05 06:15:17,190 - INFO - 	                  (8, 0.20376464978560796),
2026-09-05 06:15:17,190 - INFO - 	                  (9, 0.2078464347287908),
2026-09-05 06:15:17,190 - INFO - 	                  (10, 0.20674584450360864),
2026-09-05 06:15:17,190 - INFO - 	                  (11, 0.20271490079486168),
2026-09-05 06:15:17,190 - INFO - 	                  (12, 0.19717727618254022),
2026-09-05 06:15:17,190 - INFO - 	                  (13, 0.19050425250087658),
2026-09-05 06:15:17,190 - INFO - 	                  (14, 0.1979945035027387),
2026-09-05 06:15:17,190 - INFO - 	                  (15, 0.19014725271953822),
2026-09-05 06:15:17,190 - INFO - 	                  (16, 0.18468211015750724),
2026-09-05 06:15:17,191 - INFO - 	                  (17, 0.1786919441366546),
2026-09-05 06:15:17,191 - INFO - 	                  (18, 0.18962428548531143),
2026-09-05 06:15:17,191 - INFO - 	                  (19, 0.18591065254453673),
2026-09-05 06:15:17,191 - INFO - 	                  (20, 0.18761078955776037),
2026-09-05 06:15:17,191 - INFO - 	                  (21, 0.18223554230101388),
2026-09-05 06:15:17,191 - INFO - 	                  (22, 0.17863166108288855),
2026-09-05 06:15:17,191 - INFO - 	                  (23, 0.18447457145716376),
2026-09-05 06:15:17,191 - INFO - 	                  (24, 0.18897725628031348),
2026-09-05 06:15:17,191 - INFO - 	                  (25, 0.19714080500885045),
2026-09-05 06:15:17,191 - INFO - 	                  (26, 0.19505238216547363),
2026-09-05 06:15:17,191 - INFO - 	                  (27, 0.1938261288261318),
2026-09-05 06:15:17,191 - INFO - 	                  (28, 0.19613316274152226),
2026-09-05 06:15:17,191 - INFO - 	                  (29, 0.19804195665414834),
2026-09-05 06:15:17,191 - INFO - 	                  (30, 0.19554590636451094)],
2026-09-05 06:15:17,191 - INFO - 	 'micro_f1': [(1, 0.5783258727653614),
2026-09-05 06:15:17,191 - INFO - 	              (2, 0.6139640439642055),
2026-09-05 06:15:17,191 - INFO - 	              (3, 0.913049653477136),
2026-09-05 06:15:17,191 - INFO - 	              (4, 0.5710727576923232),
2026-09-05 06:15:17,191 - INFO - 	              (5, 0.5687117301117672),
2026-09-05 06:15:17,191 - INFO - 	              (6, 0.5544247256273537),
2026-09-05 06:15:17,191 - INFO - 	              (7, 0.5493908604342334),
2026-09-05 06:15:17,191 - INFO - 	              (8, 0.55652767742899),
2026-09-05 06:15:17,191 - INFO - 	              (9, 0.559841037429313),
2026-09-05 06:15:17,191 - INFO - 	              (10, 0.5586455133664585),
2026-09-05 06:15:17,191 - INFO - 	              (11, 0.5582325416654894),
2026-09-05 06:15:17,191 - INFO - 	              (12, 0.5501017671253335),
2026-09-05 06:15:17,191 - INFO - 	              (13, 0.5502548971329623),
2026-09-05 06:15:17,192 - INFO - 	              (14, 0.552970873512091),
2026-09-05 06:15:17,192 - INFO - 	              (15, 0.5591997582210885),
2026-09-05 06:15:17,192 - INFO - 	              (16, 0.5515102100126339),
2026-09-05 06:15:17,192 - INFO - 	              (17, 0.5487256152445842),
2026-09-05 06:15:17,192 - INFO - 	              (18, 0.5634810915974765),
2026-09-05 06:15:17,192 - INFO - 	              (19, 0.5514466370934865),
2026-09-05 06:15:17,192 - INFO - 	              (20, 0.5505533366700707),
2026-09-05 06:15:17,192 - INFO - 	              (21, 0.5513714595938599),
2026-09-05 06:15:17,192 - INFO - 	              (22, 0.5490084138253944),
2026-09-05 06:15:17,192 - INFO - 	              (23, 0.5532831880910768),
2026-09-05 06:15:17,192 - INFO - 	              (24, 0.5493578126072163),
2026-09-05 06:15:17,192 - INFO - 	              (25, 0.5899723306437615),
2026-09-05 06:15:17,192 - INFO - 	              (26, 0.5564005315906954),
2026-09-05 06:15:17,192 - INFO - 	              (27, 0.5491032686571381),
2026-09-05 06:15:17,192 - INFO - 	              (28, 0.549271282800599),
2026-09-05 06:15:17,192 - INFO - 	              (29, 0.5494271878166033),
2026-09-05 06:15:17,192 - INFO - 	              (30, 0.551979943248556)],
2026-09-05 06:15:17,192 - INFO - 	 'micro_precision': [(1, 0.5783258727653614),
2026-09-05 06:15:17,192 - INFO - 	                     (2, 0.6139640439642055),
2026-09-05 06:15:17,192 - INFO - 	                     (3, 0.913049653477136),
2026-09-05 06:15:17,192 - INFO - 	                     (4, 0.5710727576923232),
2026-09-05 06:15:17,192 - INFO - 	                     (5, 0.5687117301117672),
2026-09-05 06:15:17,192 - INFO - 	                     (6, 0.5544247256273537),
2026-09-05 06:15:17,192 - INFO - 	                     (7, 0.5493908604342334),
2026-09-05 06:15:17,192 - INFO - 	                     (8, 0.55652767742899),
2026-09-05 06:15:17,192 - INFO - 	                     (9, 0.559841037429313),
2026-09-05 06:15:17,192 - INFO - 	                     (10, 0.5586455133664585),
2026-09-05 06:15:17,192 - INFO - 	                     (11, 0.5582325416654894),
2026-09-05 06:15:17,193 - INFO - 	                     (12, 0.5501017671253335),
2026-09-05 06:15:17,193 - INFO - 	                     (13, 0.5502548971329623),
2026-09-05 06:15:17,193 - INFO - 	                     (14, 0.552970873512091),
2026-09-05 06:15:17,193 - INFO - 	                     (15, 0.5591997582210885),
2026-09-05 06:15:17,193 - INFO - 	                     (16, 0.5515102100126339),
2026-09-05 06:15:17,193 - INFO - 	                     (17, 0.5487256152445842),
2026-09-05 06:15:17,193 - INFO - 	                     (18, 0.5634810915974765),
2026-09-05 06:15:17,193 - INFO - 	                     (19, 0.5514466370934865),
2026-09-05 06:15:17,193 - INFO - 	                     (20, 0.5505533366700707),
2026-09-05 06:15:17,193 - INFO - 	                     (21, 0.5513714595938599),
2026-09-05 06:15:17,193 - INFO - 	                     (22, 0.5490084138253944),
2026-09-05 06:15:17,193 - INFO - 	                     (23, 0.5532831880910768),
2026-09-05 06:15:17,193 - INFO - 	                     (24, 0.5493578126072163),
2026-09-05 06:15:17,193 - INFO - 	                     (25, 0.5899723306437615),
2026-09-05 06:15:17,193 - INFO - 	                     (26, 0.5564005315906954),
2026-09-05 06:15:17,193 - INFO - 	                     (27, 0.5491032686571381),
2026-09-05 06:15:17,193 - INFO - 	                     (28, 0.549271282800599),
2026-09-05 06:15:17,193 - INFO - 	                     (29, 0.5494271878166033),
2026-09-05 06:15:17,193 - INFO - 	                     (30, 0.551979943248556)],
2026-09-05 06:15:17,193 - INFO - 	 'micro_recall': [(1, 0.5783258727653614),
2026-09-05 06:15:17,193 - INFO - 	                  (2, 0.6139640439642055),
2026-09-05 06:15:17,193 - INFO - 	                  (3, 0.913049653477136),
2026-09-05 06:15:17,193 - INFO - 	                  (4, 0.5710727576923232),
2026-09-05 06:15:17,193 - INFO - 	                  (5, 0.5687117301117672),
2026-09-05 06:15:17,193 - INFO - 	                  (6, 0.5544247256273537),
2026-09-05 06:15:17,193 - INFO - 	                  (7, 0.5493908604342334),
2026-09-05 06:15:17,193 - INFO - 	                  (8, 0.55652767742899),
2026-09-05 06:15:17,194 - INFO - 	                  (9, 0.559841037429313),
2026-09-05 06:15:17,194 - INFO - 	                  (10, 0.5586455133664585),
2026-09-05 06:15:17,194 - INFO - 	                  (11, 0.5582325416654894),
2026-09-05 06:15:17,194 - INFO - 	                  (12, 0.5501017671253335),
2026-09-05 06:15:17,194 - INFO - 	                  (13, 0.5502548971329623),
2026-09-05 06:15:17,194 - INFO - 	                  (14, 0.552970873512091),
2026-09-05 06:15:17,194 - INFO - 	                  (15, 0.5591997582210885),
2026-09-05 06:15:17,194 - INFO - 	                  (16, 0.5515102100126339),
2026-09-05 06:15:17,194 - INFO - 	                  (17, 0.5487256152445842),
2026-09-05 06:15:17,194 - INFO - 	                  (18, 0.5634810915974765),
2026-09-05 06:15:17,194 - INFO - 	                  (19, 0.5514466370934865),
2026-09-05 06:15:17,194 - INFO - 	                  (20, 0.5505533366700707),
2026-09-05 06:15:17,194 - INFO - 	                  (21, 0.5513714595938599),
2026-09-05 06:15:17,194 - INFO - 	                  (22, 0.5490084138253944),
2026-09-05 06:15:17,194 - INFO - 	                  (23, 0.5532831880910768),
2026-09-05 06:15:17,194 - INFO - 	                  (24, 0.5493578126072163),
2026-09-05 06:15:17,194 - INFO - 	                  (25, 0.5899723306437615),
2026-09-05 06:15:17,194 - INFO - 	                  (26, 0.5564005315906954),
2026-09-05 06:15:17,194 - INFO - 	                  (27, 0.5491032686571381),
2026-09-05 06:15:17,194 - INFO - 	                  (28, 0.549271282800599),
2026-09-05 06:15:17,194 - INFO - 	                  (29, 0.5494271878166033),
2026-09-05 06:15:17,194 - INFO - 	                  (30, 0.551979943248556)],
2026-09-05 06:15:17,194 - INFO - 	 'weighted_f1': [(1, 0.4614257353014769),
2026-09-05 06:15:17,194 - INFO - 	                 (2, 0.5045575581270981),
2026-09-05 06:15:17,195 - INFO - 	                 (3, 0.9026513634791153),
2026-09-05 06:15:17,195 - INFO - 	                 (4, 0.44428907604750756),
2026-09-05 06:15:17,195 - INFO - 	                 (5, 0.4371292332431357),
2026-09-05 06:15:17,195 - INFO - 	                 (6, 0.4254681123899062),
2026-09-05 06:15:17,195 - INFO - 	                 (7, 0.40784364732413764),
2026-09-05 06:15:17,195 - INFO - 	                 (8, 0.4230289213110758),
2026-09-05 06:15:17,195 - INFO - 	                 (9, 0.430263025891384),
2026-09-05 06:15:17,195 - INFO - 	                 (10, 0.4267874640332871),
2026-09-05 06:15:17,195 - INFO - 	                 (11, 0.430275879698988),
2026-09-05 06:15:17,195 - INFO - 	                 (12, 0.4065020971629402),
2026-09-05 06:15:17,195 - INFO - 	                 (13, 0.4125325162132916),
2026-09-05 06:15:17,195 - INFO - 	                 (14, 0.41359606885764233),
2026-09-05 06:15:17,195 - INFO - 	                 (15, 0.43269662678992726),
2026-09-05 06:15:17,195 - INFO - 	                 (16, 0.41332501040033237),
2026-09-05 06:15:17,195 - INFO - 	                 (17, 0.40439522241163517),
2026-09-05 06:15:17,195 - INFO - 	                 (18, 0.44216294084740315),
2026-09-05 06:15:17,195 - INFO - 	                 (19, 0.4114774062276),
2026-09-05 06:15:17,195 - INFO - 	                 (20, 0.4121846903853634),
2026-09-05 06:15:17,195 - INFO - 	                 (21, 0.4147490384280313),
2026-09-05 06:15:17,195 - INFO - 	                 (22, 0.4110573768323674),
2026-09-05 06:15:17,195 - INFO - 	                 (23, 0.41897100408592786),
2026-09-05 06:15:17,195 - INFO - 	                 (24, 0.40430085322561654),
2026-09-05 06:15:17,195 - INFO - 	                 (25, 0.49065307713314193),
2026-09-05 06:15:17,195 - INFO - 	                 (26, 0.4248939332439935),
2026-09-05 06:15:17,195 - INFO - 	                 (27, 0.4051661611933932),
2026-09-05 06:15:17,195 - INFO - 	                 (28, 0.4055366196728235),
2026-09-05 06:15:17,196 - INFO - 	                 (29, 0.4071584396027571),
2026-09-05 06:15:17,196 - INFO - 	                 (30, 0.41141383713539764)],
2026-09-05 06:15:17,196 - INFO - 	 'weighted_precision': [(1, 0.39950524037826063),
2026-09-05 06:15:17,196 - INFO - 	                        (2, 0.48574361910593106),
2026-09-05 06:15:17,196 - INFO - 	                        (3, 0.9133069410037112),
2026-09-05 06:15:17,196 - INFO - 	                        (4, 0.5258254360438495),
2026-09-05 06:15:17,196 - INFO - 	                        (5, 0.5120340137371506),
2026-09-05 06:15:17,196 - INFO - 	                        (6, 0.46989235319491923),
2026-09-05 06:15:17,196 - INFO - 	                        (7, 0.4279790011582427),
2026-09-05 06:15:17,196 - INFO - 	                        (8, 0.5620380711704829),
2026-09-05 06:15:17,196 - INFO - 	                        (9, 0.5261268416796284),
2026-09-05 06:15:17,196 - INFO - 	                        (10, 0.5590393597619866),
2026-09-05 06:15:17,196 - INFO - 	                        (11, 0.4900863378478052),
2026-09-05 06:15:17,196 - INFO - 	                        (12, 0.4245512601858977),
2026-09-05 06:15:17,196 - INFO - 	                        (13, 0.42407867254313686),
2026-09-05 06:15:17,196 - INFO - 	                        (14, 0.47267788350591905),
2026-09-05 06:15:17,196 - INFO - 	                        (15, 0.5092484118087071),
2026-09-05 06:15:17,196 - INFO - 	                        (16, 0.4436814384963708),
2026-09-05 06:15:17,196 - INFO - 	                        (17, 0.4146191068353721),
2026-09-05 06:15:17,196 - INFO - 	                        (18, 0.5218907885794346),
2026-09-05 06:15:17,196 - INFO - 	                        (19, 0.4434692859200072),
2026-09-05 06:15:17,196 - INFO - 	                        (20, 0.41500611156346273),
2026-09-05 06:15:17,196 - INFO - 	                        (21, 0.44009221460636855),
2026-09-05 06:15:17,196 - INFO - 	                        (22, 0.42211441486374063),
2026-09-05 06:15:17,196 - INFO - 	                        (23, 0.4573802978403757),
2026-09-05 06:15:17,196 - INFO - 	                        (24, 0.42001144796549184),
2026-09-05 06:15:17,196 - INFO - 	                        (25, 0.6236613782412498),
2026-09-05 06:15:17,196 - INFO - 	                        (26, 0.48099338664489855),
2026-09-05 06:15:17,196 - INFO - 	                        (27, 0.43991466487782643),
2026-09-05 06:15:17,197 - INFO - 	                        (28, 0.45271880623169225),
2026-09-05 06:15:17,197 - INFO - 	                        (29, 0.4383227828083891),
2026-09-05 06:15:17,197 - INFO - 	                        (30, 0.5089009947101579)],
2026-09-05 06:15:17,197 - INFO - 	 'weighted_recall': [(1, 0.5783258727653614),
2026-09-05 06:15:17,197 - INFO - 	                     (2, 0.6139640439642055),
2026-09-05 06:15:17,197 - INFO - 	                     (3, 0.913049653477136),
2026-09-05 06:15:17,197 - INFO - 	                     (4, 0.5710727576923232),
2026-09-05 06:15:17,197 - INFO - 	                     (5, 0.5687117301117672),
2026-09-05 06:15:17,197 - INFO - 	                     (6, 0.5544247256273537),
2026-09-05 06:15:17,197 - INFO - 	                     (7, 0.5493908604342334),
2026-09-05 06:15:17,197 - INFO - 	                     (8, 0.55652767742899),
2026-09-05 06:15:17,197 - INFO - 	                     (9, 0.559841037429313),
2026-09-05 06:15:17,197 - INFO - 	                     (10, 0.5586455133664585),
2026-09-05 06:15:17,197 - INFO - 	                     (11, 0.5582325416654894),
2026-09-05 06:15:17,197 - INFO - 	                     (12, 0.5501017671253335),
2026-09-05 06:15:17,197 - INFO - 	                     (13, 0.5502548971329623),
2026-09-05 06:15:17,197 - INFO - 	                     (14, 0.552970873512091),
2026-09-05 06:15:17,197 - INFO - 	                     (15, 0.5591997582210885),
2026-09-05 06:15:17,197 - INFO - 	                     (16, 0.5515102100126339),
2026-09-05 06:15:17,197 - INFO - 	                     (17, 0.5487256152445842),
2026-09-05 06:15:17,197 - INFO - 	                     (18, 0.5634810915974765),
2026-09-05 06:15:17,197 - INFO - 	                     (19, 0.5514466370934865),
2026-09-05 06:15:17,197 - INFO - 	                     (20, 0.5505533366700707),
2026-09-05 06:15:17,197 - INFO - 	                     (21, 0.5513714595938599),
2026-09-05 06:15:17,197 - INFO - 	                     (22, 0.5490084138253944),
2026-09-05 06:15:17,197 - INFO - 	                     (23, 0.5532831880910768),
2026-09-05 06:15:17,197 - INFO - 	                     (24, 0.5493578126072163),
2026-09-05 06:15:17,197 - INFO - 	                     (25, 0.5899723306437615),
2026-09-05 06:15:17,197 - INFO - 	                     (26, 0.5564005315906954),
2026-09-05 06:15:17,197 - INFO - 	                     (27, 0.5491032686571381),
2026-09-05 06:15:17,198 - INFO - 	                     (28, 0.549271282800599),
2026-09-05 06:15:17,198 - INFO - 	                     (29, 0.5494271878166033),
2026-09-05 06:15:17,198 - INFO - 	                     (30, 0.551979943248556)]}
2026-09-05 06:15:17,198 - INFO - 
2026-09-05 06:15:17,204 - INFO - Xong sau 52.5 phut. Ket qua: /kaggle/working/results_iovfd_iot_full_task0
2026-09-05 06:15:17,205 - INFO -   classification_report_task0.txt
2026-09-05 06:15:17,205 - INFO -   confusion_matrix_task0.csv
2026-09-05 06:15:17,205 - INFO -   confusion_matrix_task0.png
2026-09-05 06:15:17,205 - INFO -   confusion_matrix_task0_normalized.csv
2026-09-05 06:15:17,206 - INFO -   metrics_task0.csv
